[    0.000000] Initializing cgroup subsys cpuset
[    0.000000] Intializingcgroup subsys cpu
[    0.000000] Initializing cgroup subsys cpuacct
[    0.000000] Linux ersion 4.4.0-130-generic (buildd@lgw01-amd64-039) (gcc version 5.4.0 20160609 (Ubuntu 5..0-6ubutu1~16.04.9) ) #15-Ubuntu SMP Thu Jun 14 08:53:28 UTC 2018 (Ubuntu 4.4.0-130.156-generic 4.4.134)
[    0.000000] Command line: BOOT_IMAGE=/boot/vmlinuz-4.4.0-130-generic root=LABEL=cloudimg-rootfs ro console=tty1 console=ttyS0
[    0.000000] KERNEL supported cpus:
[    0.00000]   Intel GenuineIntel
[    0.000000]   AMD AuthenticAMD
[    0.00000]   Centaur CentaurHauls
[    0.000000] x86/fpu: xstate_offset[2]:  576, xstate_sizes[2]:  256
[    0.000000] x86/fpu: Supporting XSAVE feature 0x01: 'x87 floating point registers'
[    0.000000] x86/fpu: Supporting XSAVE feature 0x02: 'SSE registers'
[    0.000000] x86/fpu: Supporting XSAVE feature 0x04: 'AVX registers'
[    0.000000] x86/fpu: Enabled xstate features 0x7, context size is 832 bytes, using 'standard' format.
    0.000000] x86/fpu: Using 'eager' FPU context switches.
[    0.000000] e820: BIOS-provided physical RAM map:
[    0.000000] BIOS-e820: [mem 0x000000000000000-x000000000009fbff usable
[    0.000000] BIOS-e820: [[mem 0x000000000009fc00-0x000000000009ffff] reseved
[    0.000000] BIOS-e820: [mem 0x00000000000f0000-0x00000000000fffff] reseved
[    0.000000] BIOS-e820: [mem 0x0000000000100000-0x000000003ffeffff] usable
[    0.000000] BIOS-e820: [mem 0x00000000fff0000-0x000000003fffffff] ACPI data
[    0.000000] BIOS-e820: [mem 0x00000000fec00000-0x00000000fec00fff] reserved
[    0.000000] BIOS-e820: [mem 0x00000000fee00000-0x00000000fee00fff] reserved
[    0.000000] BIOS-e820: [mem x00000000fffc0000-0x00000000fffffff] reserved
[    0.000000 NXX (Execute Disable) protectin: ative
[    0.000000] SMBOS 2.5 present.
[    0.000000] Hypervisor detected: KVM
[    0.000000] e820: last_pfn = 0x3fff0 max_arch_pfn = x400000000
[    0.000000] MRR: Disable
[    0.000000] x86/PAT: MTRRs disabled, skipping PAT initialization too.
[    0.000000] CPU MTRRs all blank - virtualized system.
[    0.000000] x86/PAT: Configuration [0-7]: WB  WT  UC- UC  WB  WT  UC- UC  
[    0.000000] found SMP MP-table at [mem 0x0009fff0-0x0009ffff] mapped at [fff88000009ff0]
[    0.000000] Scaning 1 area forlow memory corruption
[    0.000000] RAMDISK: [mem 0x36aa4000-0x37549fff]
[    0.000000] ACPI: Early table hecksumveriication disabled
[    0.00000] ACPI: RSP 0x00000000000E0000 000024 (v02 VBOX  )
[    0.000000] ACPI: XSDT 0x000000003FFF0030 00003C (v01 VBOX   VBOXXSDT 00000001 ASL  00000061)
[    0.000000] ACPI: FACP 0x00000003FFF00F0 0000F4 (v04 VBOX   VBOXFACP 00000001 ASL  00000061)
[    0.000000] ACPI: SDT 0x000000003FF0470 0021FF (v02 VBOX   VBOXBIOS 00000002 INTL 20100528)
[    0000000] ACPI: FACS 0x000000003FF0200 000040
[    0.000000] ACPI: FACS 0x000000003FFF0200 000040
    0.000000] CPI: APIC 0x000000003FFF0240 00005C (v02 VBOX   VBOXAPIC 00000001 ASL  00000061)
[    0.000000] ACPI: SSDT 0x000000003FFF02A0 0001CC (v01 VBOX   VBOXCPUT 00000002 INTL 20100528)
[    0.00000] No NUMA configuration found
[    0.000000] Faing a node at [mem 0x0000000000000000-0x000000003ffeffff]
[    0.000000] NODE_DATA(0) allocated [mem 0x3ffeb000-0x3ffeffff]
[   0.00000] kvm-clock: Using msrs 4b564d01 and 4b564d00
[    0.000000] kvm-clock: cpu 0, msr 0:3ffe3001, primary cpu clock
[    0.000000] kvm-clock: using sched offset of 3710941023 cycles
[    0.000000] clocksource: kvm-clock: mask: 0xfffffffffffffff max_cycles: 0x1cd42e4dffb, max_ile_ns: 88590591483 ns
[    0.000000] Zone ranges:
[    0.000000]  DMA     [mem 0x0000000000001000-0x0000000000ffffff]
[    0.000000]   DMA32    [mem 0x0000000001000000-0x000000003ffeffff]
[    0.000000]   Normal   empty
[    0.000000]   Device   empty
[    0.000000] Movable zone start for each node
[    0.000000] Early mmory node ranges
[    0.000000]   node   0: [mem 0x0000000000001000-0x000000000009efff]
[    0.000000]   node   0: [me 0x0000000000100000-0x000000003ffeffff]
[    0.000000] Initmem setup node 0 [mem 0x0000000000001000-0x000000003ffeffff]
[    .0000000] ACPI: PM-Timer IO Port: 0x408
[[    0.000000] IOAPIC[0]: apic_id 2, version 32, address 0xfec00000, GSI 0-23
[    0.000000] ACPI: INT_SRC_OVR (bus 0 bus_irq 0 global_irq 2 dfl dfl)
[    0.000000] ACPI: INT_SRC_OVR (bus 0 bus_irq 9 global_irq 9 low level)
[    0.000000]Using ACPI (MADT) for SMP configuration information
[    0.000000] smpboot: Allowing 2 CPUs, 0 hotplug CPUs
[    0.000000] PM: Regitered nosave memory: [mem 0x00000000-x00000fff]
[    0.000000] PM: Registered nosave memory: [mem 0x0009f000-0x0009ffff]
[    0.000000] PM: Registered nosave memory: [mem 0x000a0000-0x000effff]
[    0.000000] PM: Registered nosave memory: [mem 0x000f0000-0x00fffff]
[    0.000000] e20: [mem 0x40000000-0xfebfffff] availabl for PCI devices
[    0.000000] Booting paravirtualized kernel on KVM
[    0.000000] clocksource: refined-jiffies: mask: 0xffffffff max_cycles: 0xffffffff, max_idle_ns: 7645519600211568 ns
[    0.000000] setup_percpu: NR_CPUS:512 nr_cpumask_bits:512 nr_cpu_ids:2 nr_node_ids:1
[    0.000000] PERCPU: Embedded 34 pages/cpu @ffff88003fc00000 s99544 r8192 d31528 u1048576
[    0.000000] PV qspinlock hash table entries: 256 (order: 0, 4096 bytes)
[    0.000000] Built 1 zonelists in Node order, mobility grouping on.  Total pages: 257912
[    0.000000] Policy zone: DMA32
[    0.000000] Kernel command line: BOOT_IMAGE=/boot/vmlinuz-4.4.0-130-generic root=LABEL=cloudimg-rootfs ro console=tty1 console=ttyS0
[    0.000000] PID hash table entries: 496 (order: 3, 32768 bytes)
[    0.000000] Mmory: 1001612K/1048120K available (8546K kernel code, 1313K rwdata, 4000K rodata, 1516K init, 1316K bss, 46508K reserved, 0K cma-rserve)
[   0.000000] SLUB: HWalign=64, Order=0-3, MinObjects=0, CPUs=2, Nodes=1
[    0.000000] Kernl/User page tables isolaion: enabled
[    0.000000] Hierarchical CU implementation.
[    0.000000] 	Build-time adjustment of leaf fanout to 64.
[    0.000000] 	RCU restricting CPUs from NR_CPUS=512 to nr_cpu_ids=2.
[    .000000] RCU: Adjustinggeometry for rcu_fanout_leaf=64, nr_cpu_ids=2
[    0.000000] NR_IRQS:33024 nr_irqs:440 16
[    0.000000] Console: colour VGA+ 80x25
[    0.000000] console [tty1] enabled
[    0.000000] console [ttyS0] enabled
[    0.000000] tsc: Detected 1599.999 MHz processor
[    1704956] Calibrating delay loop (skiped) prest value.. 3199.999 BogoMIPS (lpj=6399996)
[    1.753780] pid_max: default: 32768 minimum: 301
[    1.764824] ACPI: Core revision 20150930
[    1.777539] ACPI: 2 ACPI AML tables successfully acquired and loaded
[    1.788231] Security Framework initialized
[    1.798004] Yama: becoming mindful.
[    1.800246] AppArmor: AppArmor initialized
[    1.802469] Dentry cache hash table entries: 131072 (order: 8, 1048576 bytes)
[    1.808737] Inode-cache hash table entries: 65536 (order: 7, 524288 bytes)
[    1.816287] Mount-cache hash table entries: 2048 (order: 2, 16384 bytes)
[    1.832255] Mountpoint-cache hash table entries: 2048 (order: 2, 16384 bytes)
[    1.837337] Initializing cgroup subsys io
[    1.846438] Initializing cgroup subsys memory
[    1.852744] Initializing cgroup subsys devices
[    1.856524] Initializing cgroup subsys freezer
[    1.860192] Initializing cgroup subsys net_cls
[    1.863976] Initializing cgroup subsys perf_event
[    1.875246] Initializing cgroup subsys net_prio
[    1.877150] Initializing cgroup subsys hugetlb
[    1.884320] Initializing cgroup subsys pids
[    1.892522] CPU: Physical Processor ID: 0
[    1.896087] CPU: Processor Core ID: 0
[    1.901537] mce: CPU supports 0 MCE banks
[    1.906084] Last level iTLB entries: 4KB 64, 2MB 8, 4MB 8
[    1.912784] Last level dTLB entries: 4KB 64, 2MB 0, 4MB 0, 1GB 4
[    1.927993] Spectre V2 : Mitigation: Full generic retpoline
[    1.930295] Spectre V2 : Speculation control IBPB not-supported IBRS not-supported
[    1.940547] Speculative Store Bypass: Vulnerable
[    1.946063] Freeing SMP alternatives memory: 32K
[    1.964608] ftrace: allocating 32245 entries in 126 pages
[    2.029670] smpboot: APIC(0) Converting physical 0 to logical package 0
[    2.043961] smpboot: Max logical packages: 1
[    2.048875] x2apic enabled
[    2.055892] Switched APIC routing to physical x2apic.
[    2.063147] ..TIMER: vector=0x30 apic1=0 pin1=2 apic2=-1 pin2=-1
[    2.174540] smpboot: CPU0: Intel(R) Core(TM) i5-5250U CPU @ 1.60GHz (family: 0x6, model: 0x3d, stepping: 0x4)
[    2.192461] Performance Events: unsupported p6 CPU model 61 no PMU driver, software events only.
[    2.207682] KVM setup paravirtual spinlock
[    2.218640] x86: Booting SMP configuration:
[    2.220650] .... node  #0, CPUs:      #1
[    2.222790] kvm-clock: cpu 1, msr 0:3ffe3041, secondary cpu clock
[    2.226432] mce: CPU supports 0 MCE banks
[    2.238565] x86: Booted up 1 node, 2 CPUs
[    2.244868] smpboot: Total of 2 processors activated (6399.99 BogoMIPS)
[    2.248430] devtmpfs: initialized
[    2.251200] evm: security.selinux
[    2.253151] evm: security.SMACK64
[    2.255881] evm: security.SMACK64EXEC
[    2.272148] evm: security.SMACK64TRANSMUTE
[    2.276158] evm: security.SMACK64MMAP
[    2.282173] evm: security.ima
[    2.287243] evm: security.capability
[    2.297015] clocksource: jiffies: mask: 0xffffffff max_cycles: 0xffffffff, max_idle_ns: 7645041785100000 ns
[    2.302191] futex hash table entries: 512 (order: 3, 32768 bytes)
[    2.307851] pinctrl core: initialized pinctrl subsystem
[    2.309960] RTC time: 10:09:25, date: 08/02/18
[    2.312408] NET: Registered protocol family 16
[    2.331517] cpuidle: using governor ladder
[    2.351047] cpuidle: using governor menu
[    2.360409] PCCT header not found.
[    2.361971] ACPI: bus type PCI registered
[    2.363669] acpiphp: ACPI Hot Plug PCI Controller Driver version: 0.5
[    2.368121] PCI: Using configuration type 1 for base access
[    2.385107] ACPI: Added _OSI(Module Device)
[    2.392984] ACPI: Added _OSI(Processor Device)
[    2.396062] ACPI: Added _OSI(3.0 _SCP Extensions)
[    2.404355] ACPI: Added _OSI(Processor Aggregator Device)
[    2.410319] ACPI: Executed 1 blocks of module-level executable AML code
[    2.426083] ACPI: Interpreter enabled
[    2.428420] ACPI: (supports S0 S5)
[    2.429815] ACPI: Using IOAPIC for interrupt routing
[    2.441136] PCI: Using host bridge windows from ACPI; if necessary, use "pci=nocrs" and report a bug
[    2.451661] ACPI: PCI Root Bridge [PCI0] (domain 0000 [bus 00-ff])
[    2.463290] acpi PNP0A03:00: _OSC: OS supports [ASPM ClockPM Segments MSI]
[    2.468619] acpi PNP0A03:00: _OSC: not requesting OS control; OS requires [ExtendedConfig ASPM ClockPM MSI]
[    2.472373] acpi PNP0A03:00: fail to add MMCONFIG information, can't access extended PCI configuration space under this bridge.
[    2.484163] PCI host bridge to bus 0000:00
[    2.488162] pci_bus 0000:00: root bus resource [io  0x0000-0x0cf7 window]
[    2.490714] pci_bus 0000:00: root bus resource [io  0x0d00-0xffff window]
[    2.497093] pci_bus 0000:00: root bus resource [mem 0x000a0000-0x000bffff window]
[    2.500487] pci_bus 0000:00: root bus resource [mem 0x40000000-0xfdffffff window]
[    2.502951] pci_bus 0000:00: root bus resource [bus 00-ff]
[    2.508049] pci 0000:00:01.1: legacy IDE quirk: reg 0x10: [io  0x01f0-0x01f7]
[    2.510439] pci 0000:00:01.1: legacy IDE quirk: reg 0x14: [io  0x03f6]
[    2.512925] pci 0000:00:01.1: legacy IDE quirk: reg 0x18: [io  0x0170-0x0177]
[    2.531406] pci 0000:00:01.1: legacy IDE quirk: reg 0x1c: [io  0x0376]
[    2.558265] pci 0000:00:07.0: quirk: [io  0x4000-0x403f] claimed by PIIX4 ACPI
[    2.573288] pci 0000:00:07.0: quirk: [io  0x4100-0x410f] claimed by PIIX4 SMB
[    2.596327] ACPI: PCI Interrupt Link [LNKA] (IRQs 5 9 10 *11)
[    2.612651] ACPI: PCI Interrupt Link [LNKB] (IRQs 5 9 *10 11)
[    2.617744] ACPI: PCI Interrupt Link [LNKC] (IRQs 5 *9 10 11)
[    2.623958] ACPI: PCI Interrupt Link [LNKD] (IRQs 5 9 10 *11)
[    2.629807] ACPI: Enabled 2 GPEs in block 00 to 07
[    2.633965] vgaarb: setting as boot device: PCI:0000:00:02.0
[    2.636354] vgaarb: device added: PCI:0000:00:02.0,decodes=io+mem,owns=io+mem,locks=none
[    2.644212] vgaarb: loaded
[    2.646019] vgaarb: bridge control possible 0000:00:02.0
[    2.656123] SCSI subsystem initialized
[    2.657880] ACPI: bus type USB registered
[    2.668398] usbcore: registered new interface driver usbfs
[    2.672568] usbcore: registered new interface driver hub
[    2.683728] usbcore: registered new device driver usb
[    2.688296] PCI: Using ACPI for IRQ routing
[    2.692239] NetLabel: Initializing
[    2.696098] NetLabel:  domain hash size = 128
[    2.703713] NetLabel:  protocols = UNLABELED CIPSOv4
[    2.712221] NetLabel:  unlabeled traffic allowed by default
[    2.716427] amd_nb: Cannot enumerate AMD northbridges
[    2.719935] clocksource: Switched to clocksource kvm-clock
[    2.73562] AppArmo: AppArmo Filesystem Enabled
    2.814219 pnp: PnP CPI init
[    2.894809] pnp: PnP API: found 3 devices

[    2935484] clocksource: acpi_pm: mask: 0xffffff max_cycles: 0xffffff, max_idle_ns: 208571024 ns
[    2.90545] NET: Regitered protocol family 2

[    3.043663] TCP established hash table entries: 8192 order: 4,65536 bytes)
[    3.10841] TCP bind hash table entries: 8192 (order: 5, 131072 bytes)
[    3.136379] TCP: Hash tables configured (established 8192 bind 8192)
[    3.138368] UDP hash table entries: 512 (order: 2, 16384 bytes)
[    3.140176] UDP-Lite hash table entries: 512 (order: 2, 16384 bytes)
[    3.142499] NET: Registered protocol family 1
[    3.143933] pci 0000:00:00.0: Limiting direct PCI/PCI transfers
[    3.145841] pci 0000:00:01.0: Activating ISA DMA hang workarounds
[    3.148400] Unpacking initramfs...

[   5.228505] Freeing initrd memory: 10904K

[    5.255872] RAPL PMU detected, API unit is 2^-32 Joules, 4 fixed counters 10737418240 ms ovfl timer
[    5.259902] hw unit of domain pp0-core 2^-0 Joules
[    5.286045] hw unit of domain package 2^-0 Joules
[    5.289408] hw unit of domain dram 2^-0 Joules
[    5.294077] hw unit of domain pp1-gpu 2^-0 Joules
[    5.301151] platform rtc_cmos: registered platform RTC device (no PNP device found)
[    5.304255] Scanning for lw memory corruption every 60 seconds
[    5.357501] audit: initializing netlink subsys (disabled)
[    5.373340] audit: type=2000 audit(1533204571.193:1): initialized
[    5.385321] Initialise system trusted keyring
[    5.409305] HugeTLB registered 2 MB page size, pre-allocated 0 pages
[    5.417401] zbud: loaded
[    5.423061] VFS: Disk quotas dquot_6.6.0
[    5.427434] VFS: Dquot-cache hash table entries: 512 (order 0, 4096 bytes)
[    5.446390] squashfs: version 4.0 (2009/01/31) Phillip Lougher
[    5.449272] fuse init (API version 7.23)
[    5.456960] Key type big_key registered
[    5.464842] Allocating IMA MOK and blacklist keyrings.
[    5.471981] Key type asymmetric registered
[    5.473377] Asymmetric key parser 'x509' registered
[    5.474990] Block layer SCSI generic (bsg) driver version 0.4 loaded (major 249)
[    5.485636] io scheduler noop registered
[    5.490617] io scheduler deadline registered (default)
[    5.494167] io scheduler cfq registered
[    5.497572] pci_hotplug: PCI Hot Plug PCI Core version: 0.5
[    5.499788] pciehp: PCI Express Hot Plug Controller Driver version: 0.4
[    5.507194] ACPI: AC Adapter [AC] (off-line)
[    5.509095] input: Power Button as /devices/LNXSYSTM:00/LNXPWRBN:00/input/input0
[    5.520520] ACPI: Power Button [PWRF]
[    5.525943] input: Sleep Button as /devices/LNXSYSTM:00/LNXSLPBN:00/input/input1
[    5.533375] ACPI: Sleep Button [SLPF]
[    5.538006] ACPI: Battery Slot [BAT0] (battery present)
[    5.544947] GHES: HEST is not enabled!
[    5.546951] Serial: 8250/16550 driver, 32 ports, IRQ sharing enabled
[    5.582431] 00:02: ttyS0 at I/O 0x3f8 (irq = 4, base_baud = 115200) is a 16550A
[    5.597839] Linux agpgart interface v0.103
[    5.607150] loop: module loaded
[    5.617141] scsi host0: ata_piix
[    5.620243] scsi host1: ata_piix
[    5.622908] ata1: PATA max UDMA/33 cmd 0x1f0 ctl 0x3f6 bmdma 0xd000 irq 14
[    5.629144] ata2: PATA max UDMA/33 cmd 0x170 ctl 0x376 bmdma 0xd008 irq 15
[    5.634242] libphy: Fixed MDIO Bus: probed
[    5.639791] tun: Universal TUN/TAP device driver, 1.6
[    5.643550] tun: (C) 1999-2004 Max Krasnyansky <maxk@qualcomm.com>
[    5.649819] PPP generic driver version 2.4.2
[    5.680667] ehci_hcd: USB 2.0 'Enhanced' Host Controller (EHCI) Driver
[    5.696316] ehci-pci: EHCI PCI platform driver
[    5.698375] ehci-platform: EHCI generic platform driver
[    5.709989] ohci_hcd: USB 1.1 'Open' Host Controller (OHCI) Driver
[    5.715658] ohci-pci: OHCI PCI platform driver
[    5.720293] ohci-platform: OHCI generic platform driver
[    5.730603] uhci_hcd: USB Universal Host Controller Interface driver
[    5.743385] i8042: PNP: PS/2 Controller [PNP0303:PS2K,PNP0f03:PS2M] at 0x60,0x64 irq 1,12
[    5.747377] serio: i8042 KBD port at 0x60,0x64 irq 1
[    5.763153] serio: i8042 AUX port at 0x60,0x64 irq 12
[    5.767890] mousedev: PS/2 mouse device common for all mice
[    5.778424] input: AT Translated Set 2 keyboard as /devices/platform/i8042/serio0/input/input2
[    5.786411] rtc_cmos rtc_cmos: rtc core: registered rtc_cmos as rtc0
[    5.792391] rtc_cmos rtc_cmos: alarms up to one day, 114 bytes nvram
[    5.795908] i2c /dev entries driver
[    5.798025] device-mapper: uevent: version 1.0.3
[    5.800326] device-mapper: ioctl: 4.34.0-ioctl (2015-10-28) initialised: dm-devel@redhat.com
[    5.804440] ledtrig-cpu: registered to indicate activity on CPUs
[    5.811726] NET: Registered protocol family 10
[    5.816561] NET: Registered protocol family 17
[    5.818752] Key type dns_resolver registered
[    5.821730] registered taskstats version 1
[    5.825820] Loading compiled-in X.509 certificates
[    5.828941] Loaded X.509 cert 'Build time autogenerated kernel key: b3e0fe4bcd6378c38a2c0a4648abbc1fa5043a22'
[    5.836089] zswap: loaded using pool lzo/zbud
[    5.843410] Key type trusted registered
[    5.851229] Key type encrypted registered
[    5.854560] AppArmor: AppArmor sha1 policy hashing enabled
[    5.858190] ima: No TPM chip found, activating TPM-bypass!
[    5.860504] ima: Allocated hash algorithm: sha1
[    5.865884] evm: HMAC attrs: 0x1
[    5.867942]   Magic number: 14:835:172
[    5.881345] rtc_cmos rtc_cmos: setting system clock to 2018-08-02 10:09:28 UTC (1533204568)
[    5.894547] BIOS EDD facilty v.16 2004-Jun25, 0 devices found
    5.977680]EDD information not available.

[    6.032283] Freeing unused kernel memory: 1516K
[    6.055394] Write protecting the kernel read-only data: 14336k
[    6.246646] Freeing unused kernel memory: 1680K
[    6.249187] Freeing unused kernel memory: 96K
Loading, please wait...
[    6.300110] tsc: Refined TSC clocksource calibration: 1599.009 MHz
[    6.308795] clocksource: tsc: mask: 0xffffffffffffffff max_cycles: 0x170c7cc07db, max_idle_ns: 440795243801 ns
starting version 229
[    6.330504] random: systemd-udevd: uninitialized urandom read (16 bytes read, 5 bits of entropy available)
[    6.330661] random: udevadm: uninitialized urandom read (16 bytes read, 5 bits of entropy available)
[    6.330682] random: udevadm: uninitialized urandom read (16 bytes read, 5 bits of entropy available)
[    6.341520] random: udevadm: uninitialized urandom read (16 bytes read, 5 bits of entropy available)
[    6.341590] random: udevadm: uninitialized urandom read (16 bytes read, 5 bits of entropy available)
[    6.341814] random: udevadm: uninitialized urandom read (16 bytes read, 5 bits of entropy available)
[    6.341897] random: udevadm: uninitialized urandom read (16 bytes read, 5 bits of entropy available)
[    6.341980] random: udevadm: uninitialized urandom read (16 bytes read, 5 bits of entropy available)
[    6.342064] random: udevadm: uninitialized urandom read (16 bytes read, 5 bits of entropy available)
[    6.342142] random: udevadm: uninitialized urandom read (16 bytes read, 5 bits of entropy available)
[    6.410422] e1000: Intel(R) PRO/1000 Network Driver - version 7.3.21-k8-NAPI
[    6.421075] e1000: Copyright (c) 1999-2006 Intel Corporation.
[    6.428168] Fusion MPT base driver 3.04.20
[    6.430170] Copyright (c) 1999-2008 LSI Corporation
[    6.445225] Fusion MPT SPI Host driver 3.04.20
[    6.461891] AVX2 version of gcm_enc/dec engaged.
[    6.474572] AES CTR mode by8 optimization enabled
[    6.476901] mptbase: ioc0: Initiating bringup
[    6.675146] ioc0: LSI53C1030 A0: Capabilities={Initiator}
[    6.771014] input: ImExPS/2 Generic Explorer Mouse as /devices/platform/i8042/serio1/input/input4
[    7.081349] scsi host2: ioc0: LSI53C1030 A0, FwRev=00000000h, Ports=1, MaxQ=256, IRQ=20
[    7.221418] scsi 2:0:0:0: Direct-Access     VBOX     HARDDISK         1.0  PQ: 0 ANSI: 5
[    7.227462] scsi target2:0:0: Beginning Domain Validation
[    7.233251] scsi target2:0:0: Domain Validation skipping write tests
[    7.235801] scsi target2:0:0: Ending Domain Validation
[    7.241259] scsi target2:0:0: asynchronous
[    7.247319] scsi 2:0:1:0: Direct-Access     VBOX     HARDDISK         1.0  PQ: 0 ANSI: 5
[    7.274014] scsi target2:0:1: Beginning Domain Validation
[    7.277894] scsi target2:0:1: Domain Validation skipping write tests
[    7.285814] scsi target2:0:1: Ending Domain Validation
[    7.288162] scsi target2:0:1: asynchronous
[    7.305658] sd 2:0:0:0: Attached scsi generic sg0 type 0
[    7.308204] sd 2:0:0:0: [sda] 20971520 512-byte logical blocks: (10.7 GB/10.0 GiB)
[    7.311936] sd 2:0:1:0: [sdb] 20480 512-byte logical blocks: (10.5 MB/10.0 MiB)
[    7.315534] sd 2:0:1:0: Attached scsi generic sg1 type 0
[    7.320675] sd 2:0:0:0: [sda] Write Protect is off
[    7.325370] sd 2:0:1:0: [sdb] Write Protect is off
[    7.327344] sd 2:0:0:0: [sda] Incomplete mode parameter data
[    7.329470] sd 2:0:0:0: [sda] Assuming drive cache: write through
[    7.332268] sd 2:0:1:0: [sdb] Incomplete mode parameter data
[    7.339963] sd 2:0:1:0: [sdb] Assuming drive cache: write through
[    7.347486]  sda: sda1
[    7.350035] sd 2:0:0:0: [sda] Attached SCSI disk
[    7.352936] sd 2:0:1:0: [sdb] Attached SCSI disk
[    7.678225] e1000 0000:00:03.0 eth0: (PCI:33MHz:32-bit) 02:c5:fa:e6:4f:6d
[    7.694819] e1000 0000:00:03.0 eth0: Intel(R) PRO/1000 Network Connection
[    8.168385] e1000 0000:00:08.0 eth1: (PCI:33MHz:32-bit) 08:00:27:fb:7d:bf
[    8.171025] e1000 0000:00:08.0 eth1: Intel(R) PRO/1000 Network Connection
[    8.179098] e1000 0000:00:03.0 enp0s3: renamed from eth0
[    8.198240] e1000 0000:00:08.0 enp0s8: renamed from eth1
Begin: Loading essential drivers[    9.616861] md: linear personality registered for level -1
 ... [    9.627547] md: multipath personality registered for level -4
[    9.635565] md: raid0 personality registered for level 0
[    9.646062] md: raid1 personality registered for level 1
[    9.720470] raid6: sse2x1   gen()  7344 MB/s
[    9.792173] raid6: sse2x1   xor()  5848 MB/s
[    9.864599] raid6: sse2x2   gen()  8122 MB/s
[    9.944468] raid6: sse2x2   xor()  6209 MB/s
[   10.012261] raid6: sse2x4   gen()  6724 MB/s
[   10.087987] raid6: sse2x4   xor()  4512 MB/s
[   10.168700] raid6: avx2x1   gen() 11335 MB/s
[   10.240166] raid6: avx2x2   gen()  5909 MB/s
[   10.339990] raid6: avx2x4   gen()  6120 MB/s
[   10.350017] raid6: using algorithm avx2x1 gen() 11335 MB/s
[   10.363814] raid6: using avx2x2 recovery algorithm
[   10.370343] xor: automatically using best checksumming function:
[   10.420023]    avx       : 20940.000 MB/sec
[   10.425722] async_tx: api initialized (async)
[   10.451590] md: raid6 personality registered for level 6
[   10.454023] md: raid5 personality registered for level 5
[   10.457314] md: raid4 personality registered for level 4
[   10.468299] md: raid10 personality registered for level 10
done.
Begin: Running /scripts/init-premount ... done.
Begin: Mounting root file system ... Begin: Running /scripts/local-top ... done.
Begin: Running /scripts/local-premount ... [   10.517897] Btrfs loaded
Scanning for Btrfs filesystems
done.
Warning: fsck not present, so skipping root file system
[   10.621597] EXT4-fs (sda1): mounted filesystem with ordered data mode. Opts: (null)
done.
Begin: Running /scripts/local-bottom ... done.
Begin: Running /scripts/init-bottom ... done.
[   10.857702] systemd[1]: systemd 229 running in system mode. (+PAM +AUDIT +SELINUX +IMA +APPARMOR +SMACK +SYSVINIT +UTMP +LIBCRYPTSETUP +GCRYPT +GNUTLS +ACL +XZ -LZ4 +SECCOMP +BLKID +ELFUTILS +KMOD -IDN)
[   10.865571] systemd[1]: Detected virtualization oracle.
[   10.868092] systemd[1]: Detected architecture x86-64.

Welcome to [1mUbuntu 16.04.4 LTS[0m!

[   10.884132] systemd[1]: Set hostname to <ubuntu>.
[   10.895946] systemd[1]: Initializing machine ID from random generator.
[   10.917625] systemd[1]: Installed transient /etc/machine-id file.
[   11.236632] systemd[1]: Created slice User and Session Slice.
[[0;32m  OK  [0m] Created slice User and Session Slice.
[   11.253862] systemd[1]: Listening on Device-mapper event daemon FIFOs.
[[0;32m  OK  [0m] Listening on Device-mapper event daemon FIFOs.
[   11.266513] systemd[1]: Reached target System Time Synchronized.
[[0;32m  OK  [0m] Reached target System Time Synchronized.
[   11.283653] systemd[1]: Reached target User and Group Name Lookups.
[[0;32m  OK  [0m] Reached target User and Group Name Lookups.
[   11.301523] systemd[1]: Listening on Syslog Socket.
[[0;32m  OK  [0m] Listening on Syslog Socket.
[   11.316575] systemd[1]: Listening on /dev/initctl Compatibility Named Pipe.
[[0;32m  OK  [0m] Listening on /dev/initctl Compatibility Named Pipe.
[   11.341135] systemd[1]: Listening on Journal Socket (/dev/log).
[[0;32m  OK  [0m] Listening on Journal Socket (/dev/log).
[   11.370480] systemd[1]: Created slice System Slice.
[[0;32m  OK  [0m] Created slice System Slice.
[   11.375158] systemd[1]: Reached target Slices.
[[0;32m  OK  [0m] Reached target Slices.
[   11.396457] systemd[1]: Listening on LVM2 metadata daemon socket.
[[0;32m  OK  [0m] Listening on LVM2 metadata daemon socket.
[   11.428831] systemd[1]: Listening on udev Kernel Socket.
[[0;32m  OK  [0m] Listening on udev Kernel Socket.
[   11.457287] systemd[1]: Created slice system-serial\x2dgetty.slice.
[[0;32m  OK  [0m] Created slice system-serial\x2dgetty.slice.
[   11.487092] systemd[1]: Set up automount Arbitrary Executable File Formats File System Automount Point.
[[0;32m  OK  [0m] Set up automount Arbitrary Executab...ats File System Automount Point.
[   11.508341] systemd[1]: Reached target Encrypted Volumes.
[[0;32m  OK  [0m] Reached target Encrypted Volumes.
[   11.518260] systemd[1]: Listening on udev Control Socket.
[[0;32m  OK  [0m] Listening on udev Control Socket.
[   11.551055] systemd[1]: Started Forward Password Requests to Wall Directory Watch.
[[0;32m  OK  [0m] Started Forward Password Requests to Wall Directory Watch.
[   11.569479] systemd[1]: Listening on LVM2 poll daemon socket.
[[0;32m  OK  [0m] Listening on LVM2 poll daemon socket.
[   11.585167] systemd[1]: Reached target Swap.
[[0;32m  OK  [0m] Reached target Swap.
[   11.607677] systemd[1]: Started Trigger resolvconf update for networkd DNS.
[[0;32m  OK  [0m] Started Trigger resolvconf update for networkd DNS.
[   11.625085] systemd[1]: Listening on Journal Socket.
[[0;32m  OK  [0m] Listening on Journal Socket.
[   11.656651] systemd[1]: Mounting Debug File System...
         Mounting Debug File System...
[   11.671778] systemd[1]: Starting Nameserver information manager...
         Starting Nameserver information manager...
[   11.685539] systemd[1]: Starting Remount Root and Kernel File Systems...
         Startin[   11.692878] EXT4-fs (sda1): re-mounted. Opts: (null)
g Remount Root and Kernel File Systems...
[   11.700837] systemd[1]: Starting Create list of required static device nodes for the current kernel...
         Starting Create list of required st... nodes for the current kernel...
[   11.724662] systemd[1]: Starting Uncomplicated firewall...
         Starting Uncomplicated firewall...
[   11.734833] systemd[1]: Starting Set console keymap...
         Starting Set console keymap...
[   11.748689] systemd[1]: Starting Load Kernel Modules...
         Starting Load Kernel Modules...
[   11.757125] systemd[1]: Mounting Huge Pages File System...
         Mounting Huge Pages File System...
[   11.765087] systemd[1]: Mounting POSIX Message Queue File System...
[   11.768062] Loading iSCSI transport class v2.0-870.
         Mounting POSIX Message Queue File System...
[   11.777538] systemd[1]: Starting Monitoring of LVM2 mirrors, snapshots etc. using dmeventd or progress polling...
[   11.790930] iscsi: registered transport (tcp)
         Starting Monitoring of LVM2 mirrors... dmeventd or progress polling...
[   11.801649] systemd[1]: Listening on Journal Audit Socket.
[[0;32m  OK  [0m] Listening on Journal Audit Socket.
[   11.849362] systemd[1]: Starting Journal Service...
         [   11.870739] random: nonblocking pool is initialized
[   11.871089] iscsi: registered transport (iser)
Starting Journal Service...
[   11.893658] systemd[1]: Mounted POSIX Message Queue File System.
[[0;32m  OK  [0m] Mounted POSIX Message Queue File System.
[   11.910141] systemd[1]: Mounted Huge Pages File System.
[[0;32m  OK  [0m] Mounted Huge Pages File System.
[   11.920297] systemd[1]: Mounted Debug File System.
[[0;32m  OK  [0m] Mounted Debug File System.
[   11.927050] systemd[1]: Started Remount Root and Kernel File Systems.
[[0;32m  OK  [0m] Started Remount Root and Kernel File Systems.
[   11.941818] systemd[1]: Started Create list of required static device nodes for the current kernel.
[[0;32m  OK  [0m] Started Create list of required sta...ce nodes for the current kernel.
[   11.957011] systemd[1]: Started Uncomplicated firewall.
[[0;32m  OK  [0m] Started Uncomplicated firewall.
[   11.967319] systemd[1]: Started Set console keymap.
[[0;32m  OK  [0m] Started Set console keymap.
[   11.973212] systemd[1]: Started Load Kernel Modules.
[[0;32m  OK  [0m] Started Load Kernel Modules.
[   11.989116] systemd[1]: Started Nameserver information manager.
[[0;32m  OK  [0m] Started Nameserver information manager.
[   12.021188] systemd[1]: Started Journal Service.
[[0;32m  OK  [0m] Started Journal Service.
[[0;32m  OK  [0m] Started LVM2 metadata daemon.
         Starting Apply Kernel Variables...
         Mounting FUSE Control File System...
         Starting Create Static Device Nodes in /dev...
         Starting Load/Save Random Seed...
         Starting Flush Journal to Persistent Storage...
         Starting udev Coldplug all Devices...
[[0;32m  OK  [0m] Mounted FUSE Control File System.
[[0;32m  OK  [0m] Started Apply Kernel Variables.
[[0;32m  OK  [0m] Started Create Static Device Nodes in /dev.
[[0;32m  OK  [0m] Started Load/Save Random Seed.
[[0;32m  OK  [0m] Started udev Coldplug all Devices.
[[0;32m  OK  [0m] Started Flush Journal to Persistent Storage.
         Starting udev Kernel Device Manager...
[[0;32m  OK  [0m] Started udev Kernel Device Manager.
[[0;32m  OK  [0m] Started Dispatch Password Requests to Console Directory Watch.
[[0;32m  OK  [0m] Started Monitoring of LVM2 mirrors,...ng dmeventd or progress polling.
[[0;32m  OK  [0m] Reached target Local File Systems (Pre).
[[0;32m  OK  [0m] Reached target Local File Systems.
         Starting Set console font and keymap...
         Starting Tell Plymouth To Write Out Runtime Data...
         Starting Commit a transient machine-id on disk...
         Starting Create Volatile Files and Directories...
         Starting Initial cloud-init job (pre-networking)...
         Starting LSB: AppArmor initialization...
[[0;32m  OK  [0m] Started Tell Plymouth To Write Out Runtime Data.
[[0;32m  OK  [0m] Started Commit a transient machine-id on disk.
[[0;32m  OK  [0m] Started Create Volatile Files and Directories.
[[0;32m  OK  [0m] Found device /dev/ttyS0.
         Starting Update UTMP about System Boot/Shutdown...
[[0;32m  OK  [0m] Listening on Load/Save RF Kill Switch Status /dev/rfkill Watch.
[[0;32m  OK  [0m] Started Update UTMP about System Boot/Shutdown.
[   12.324017] [[0;32m  OK  [0m] Started Initial cloud-init job (pre-networking).
cloud-init[513]: Cloud-init v. 18.2 running 'init-local' at Thu, 02 Aug 2018 10:09:36 +0000. Up 11.80 seconds.
[[0;32m  OK  [0m] Reached target Network (Pre).
[[0;32m  OK  [0m] Started LSB: AppArmor initialization.
[[0;32m  OK  [0m] Started Set console font and keymap.
[[0;32m  OK  [0m] Created slice system-getty.slice.
         Starting Raise network interfaces...
[[0;32m  OK  [0m] Started Raise network interfaces.
         Starting Initial cloud-init job (metadata service crawler)...
[[0;32m  OK  [0m] Reached target Network.
[   14.384086] cloud-init[975]: Cloud-init v. 18.2 running 'init' at Thu, 02 Aug 2018 10:09:38 +0000. Up 13.54 seconds.
[   14.425231] cloud-init[975]: ci-info: ++++++++++++++++++++++++++++++++++++++Net device info++++++++++++++++++++++++++++++++++++++
[   14.432995] cloud-init[975]: ci-info: +--------+-------+----------------------------+---------------+-------+-------------------+
[   14.440717] cloud-init[975]: ci-info: | Device |   Up  |          Address           |      Mask     | Scope |     Hw-Address    |
[   14.468130] cloud-init[975]: ci-info: +--------+-------+----------------------------+---------------+-------+-------------------+
[[0;32m  OK  [0m] Started Initial cloud-init job (metadata service crawler).
[[0;32m  OK  [0m] Reached target Cloud-config availability.
[[0;32m  OK  [0m] [   14.498784] Reached target Network is Online.cloud-init
[975]: ci-info: | enp0s3 |  True |         10.0.2.15          | 255.255.255.0 |   .   | 02:c5:fa:e6:4f:6d |
[   14.573789]          cloud-initStarting iSCSI initiator daemon (iscsid)...[975]: 
ci-info: | enp0s3 |  True | fe80::c5:faff:fee6:4f6d/64 |       .       |  link | 02:c5:fa:e6:4f:6d |
[[0;32m  OK  [0m] Reached target System Initialization.
[   14.626256]          cloud-initStarting LXD - unix socket.[975]: 
ci-info: | enp0s8 | False |             .              |       .       |   .   | 08:00:27:fb:7d:bf |
[[0;32m  OK  [0m] Listening on D-Bus System Message Bus Socket.
[   14.688624] cloud-init[975]: ci-info: |   lo   |  True |         127.0.0.1          |   255.0.0.0   |   .   |         .         |
[[0;32m  OK  [0m] Started ACPI Events Check.
[   14.826140] [cloud-init[0;32m  OK  [0m[975]: ] ci-info: |   lo   |  True |          ::1/128           |       .       |  host |         .         |Reached target Paths.

[   14.878242] [cloud-init[0;32m  OK  [0m[975]: ] ci-info: +--------+-------+----------------------------+---------------+-------+-------------------+Listening on UUID daemon activation socket.

[[0;32m  OK  [0m] Listening on ACPID Listen Socket.
[[0;32m  OK  [0m] Started Daily Cleanup of Temporary Directories.
[   14.879571] cloud-init[975]: ci-info: +++++++++++++++++++++++++++Route IPv4 info++++++++++++++++++++++++++++
[   15.008529]          Starting Socket activation for snappy daemon.
[cloud-init[975]: ci-info: +-------+-------------+----------+---------------+-----------+-------+
[0;32m  OK  [0m] Started Daily apt download activities.
[[0;32m  OK  [0m] Started Daily apt upgrade and clean activities.
[[0;32m  OK  [0m] Reached target Timers.
[   15.011677] cloud-init[975]: ci-info: | Route | Destination | Gateway  |    Genmask    | Interface | Flags |
[   15.063612] [[0;32m  OK  [0m] Listening on LXD - unix socket.
cloud-init[975]: ci-info: +-------+-------------+----------+---------------+-----------+-------+
[[0;32m  OK  [0m] Listening on Socket activation for snappy daemon.
[[0;32m  OK  [0m] Started iSCSI initiator daemon (iscsid).
[   15.065600] cloud-init[975]: ci-info: |   0   |   0.0.0.0   | 10.0.2.2 |    0.0.0.0    |   enp0s3  |   UG  |
[   15.109627] cloud-init[975]: ci-info: |   1   |   10.0.2.0  | 0.0.0.0  | 255.255.255.0 |   enp0s3  |   U   |         Starting Login to default iSCSI targets...
[[0;32m  OK  [0m] Reached target Sockets.
[[0;32m  OK  [0m] Reached target Basic System.

[   15.140573] [cloud-init[0;32m  OK  [0m[975]: ] ci-info: +-------+-------------+----------+---------------+-----------+-------+Started D-Bus System Message Bus.

         Starting /etc/rc.local Compatibility...
[   15.173013] cloud-init         [975]: Starting Accounts Service...Generating public/private rsa key pair.

[   15.176305] cloud-init[975]: Your identification has been saved in /etc/ssh/ssh_host_rsa_key.
[   15.292341] cloud-init[975]: Your public key has been saved in /etc/ssh/ssh_host_rsa_key.pub.
[   15.292556] cloud-init[975]: The key fingerprint is:
[   15.292640] cloud-init[975]: SHA256:c4t2zQtJzqNGOYtNi/0xDA+9iU70hssV5Pc1p1TGBYk root@ubuntu-xenial
[   15.292707] cloud-init[975]: The key's randomart image is:
[   15.292891] [[0;32m  OK  [0m] Started FUSE filesystem for LXC.
cloud-init[975]: +---[RSA 2048]----+
         Starting LSB: MD monitoring daemon...
[   15.418234] cloud-init[975]: |             ..o.|
[[0;32m  OK  [0m] Started Deferred execution scheduler.
[   15.534515] cloud-init[975]: |            E ...|
[   15.596435]          cloud-initStarting System Logging Service...[975]: 
|          .     +|
[   15.676762]          Starting Virtualbox guest utils...
cloud-init[975]: |         +     o |
[   15.691872] [[0;32m  OK  [0m] Started Regular background program processing daemon.
cloud-init[975]: |        S.* . ..o|
[   15.734758]          cloud-initStarting LSB: Record successful boot for GRUB...[975]: 
|       .=/ X o oo|
         Starting Login Service...
         Starting Apply the settings specified in cloud-config...
[   15.767403] cloud-init[975]: |       B*+^ o o  |
[   15.784271] cloud-init[975]: |      o=** = .   |
         Starting Pollinate to seed the pseudo random number generator...
[   15.796270] cloud-init[975]: |       .=.. .    |
[   15.810904]          Starting Snappy daemon...
[cloud-init[975]: +----[SHA256]-----+[0;32m  OK  [0m] Started Unattended Upgrades Shutdown.

[[0;32m  OK  [0m] Started ACPI event daemon.
         Starting LXD - container startup/shutdown...
[[0;32m  OK  [0m] Started System Logging Service.
[[0;32m  OK  [0m] Started /etc/rc.local Compatibility.
[   15.850135] cloud-init[975]: Generating public/private dsa key pair.
[   15.877274] cloud-init[975]: Your identification has been saved in /etc/ssh/ssh_host_dsa_key.
[   15.909056] cloud-init[975]: Your public key has been saved in /etc/ssh/ssh_host_dsa_key.pub.
[[0;32m  OK  [0m] Started Login to default iSCSI targets.
[[0;32m  OK  [0m] Started LXD - container startup/shutdown.
[[0;32m  OK  [0m] Started Snappy daemon.
[   16.043381] cloud-init[975]: The key fingerprint is:
[   16.217055] cloud-init[975]: [[0;32m  OK  [0m] Started LSB: MD monitoring daemon.
SHA256:wYyENyK2VcMaQJ9hx9iIzaOaWOppSo6kDns/Uod9cmM root@ubuntu-xenial[[0;32m  OK  [0m] Started LSB: Record successful boot for GRUB.

[   16.297546]          cloud-initStarting Authenticate and Authorize Users to Run Privileged Tasks...[975]: 
The key's randomart image is:
[   16.372845] cloud-init[975]: +---[DSA 1024]----+
         Starting Wait until snapd is fully seeded...
[[0;32m  OK  [0m] Reached target Remote File Systems (Pre).
[[0;32m  OK  [0m] Reached target Remote File Systems.
[   16.391653] cloud-init[975]: | .o=oO=          |
[   16.443947] cloud-init[975]: |  +o@=*=         |
[   16.460693] cloud-init[975]: | . =o*..+        |
         Starting Permit User Sessions...
[   16.487345] cloud-init[975]: |  + .    .       |
[   16.499680] cloud-init[975]: |.=   o  S        |
         [   16.516516] cloud-init[975]: |=   o + E        |
Starting LSB: automatic crash report generation...
[   16.520809] cloud-init[975]: |oo.. . = .       |
[   16.683570] cloud-init[975]: |B=o .            |
[   16.732252] cloud-init[975]: |O+ o..           |
[   16.732359] cloud-init[975]: +----[SHA256]-----+
[   16.733190] cloud-init[975]: Generating public/private ecdsa key pair.
[   16.733242] cloud-init[975]: Your identification has been saved in /etc/ssh/ssh_host_ecdsa_key.
[   16.733285] cloud-init[975]: Your public key has been saved in /etc/ssh/ssh_host_ecdsa_key.pub.
[   16.733328] cloud-init[975]: The key fingerprint is:
[   16.733367] cloud-init[975]: SHA256:wx2MbxgujKlt2gl2W7phjElNCFPuKZ8SgOPYsBs6OiQ root@ubuntu-xenial
[   16.733415] cloud-init[975]: The key's randomart image is:
[   16.733454] cloud-init[975]: +---[ECDSA 256]---+
[   16.733493] cloud-init[975]: |o..              |
[   16.733534] cloud-init[975]: |.+ .     o       |
[   16.733601] cloud-init[975]: |= o .   o o      |
[   16.733673] cloud-init[975]: |+* + + o = .     |
[   16.733736] cloud-init[975]: |*.= + o S +      |
[   16.733801] cloud-init[975]: |EO B   . o       |
[   16.733869] cloud-init[975]: |B O B .          |
[   16.734050] cloud-init[975]: |o+ B *           |
[   16.734135] cloud-init[975]: |... *.           |
[   16.734186] cloud-init[975]: +----[SHA256]-----+
[   16.734225] cloud-init[975]: Generating public/private ed25519 key pair.
[   16.734271] cloud-init[975]: Your identification has been saved in /etc/ssh/ssh_host_ed25519_key.
[   16.734311] cloud-init[975]: Your public key has been saved in /etc/ssh/ssh_host_ed25519_key.pub.
[   16.734350] cloud-init[975]: The key fingerprint is:
[   16.734389] cloud-init[975]: SHA256:Ki9hl2Y6WmDBOoRh2snBrhZXNEz1e+MPHMJ3+QwMJEY root@ubuntu-xenial
[   16.734427] cloud-init[975]: The key's randomart image is:
[   16.734465] cloud-init[975]: +--[ED25519 256]--+
[   16.734504] cloud-init[975]: |.o. ++...E .     |
[   16.734542] cloud-init[975]: |+=.o o. o o      |
[   16.734580] cloud-init[975]: |oo* .    . .     |
[   16.734618] cloud-init[975]: |.o.o    . . o .  |
[   16.734657] cloud-init[975]: |o.=    .S+ = =   |
[   16.734698] cloud-init[975]: |.+ .o =.  * + +  |
[   16.734736] cloud-init[975]: |.  .o*.    +   o |
[   16.734775] cloud-init[975]: |   .+o      o    |
[   16.735540] cloud-init[975]: |  .. o.      .   |
[   16.735651] cloud-init[975]: +----[SHA256]-----+
         Starting LSB: daemon to balance interrupts for SMP systems...
[   16.981236] cloud-init[1122]: Generating locales (this might take a while)...
         Starting LSB: Set the CPU Frequency Scaling governor to "ondemand"...
[[0;32m  OK  [0m] Started Virtualbox guest utils.
[[0;32m  OK  [0m] Started Pollinate to seed the pseudo random number generator.
[[0;32m  OK  [0m] Started Wait until snapd is fully seeded.
[[0;32m  OK  [0m] Started Permit User Sessions.
[[0;32m  OK  [0m] Started Login Service.
[[0;32m  OK  [0m] Started Authenticate and Authorize Users to Run Privileged Tasks.
[[0;32m  OK  [0m] Started Accounts Service.
         Starting Hold until boot process finishes up...
         Starting Terminate Plymouth Boot Screen...
         Starting OpenBSD Secure Shell server...
[[0;32m  OK  [0m] Started LSB: automatic crash report generation.
[[0;32m  OK  [0m] Started LSB: daemon to balance interrupts for SMP systems.
[[0;32m  OK  [0m] Started Hold until boot process finishes up.
[[0;32m  OK  [0m] Started Terminate Plymouth Boot Screen.
[[0;32m  OK  [0m] Started OpenBSD Secure Shell server.
[[0;32m  OK  [0m] Started LSB: Set the CPU Frequency Scaling governor to "ondemand".
[[0;32m  OK  [0m] Started Getty on tty1.
         Starting Set console scheme...
[[0;32m  OK  [0m] Started Serial Getty on ttyS0.
[[0;32m  OK  [0m] Reached target Login Prompts.
[[0;32m  OK  [0m] Reached target Multi-User System.
[[0;32m  OK  [0m] Reached target Graphical Interface.
         Starting Update UTMP about System Runlevel Changes...
[[0;32m  OK  [0m] Started Set console scheme.
[[0;32m  OK  [0m] Started Update UTMP about System Runlevel Changes.
[[0;32m  OK  [0m] Created slice User Slice of vagrant.
[[0;32m  OK  [0m] Started Session 1 of user vagrant.
         Starting User Manager for UID 1000...
[[0;32m  OK  [0m] Started User Manager for UID 1000.
[   18.562594] cloud-init[1122]:   en_US.UTF-8... done
[   18.587272] cloud-init[1122]: Generation complete.
[   19.281344] cloud-init[1122]: Cloud-init v. 18.2 running 'modules:config' at Thu, 02 Aug 2018 10:09:41 +0000. Up 16.78 seconds.
[[0;32m  OK  [0m] Started Apply the settings specified in cloud-config.
         Starting Execute cloud user/final scripts...
         Stopping User Manager for UID 1000...
[[0;32m  OK  [0m] Stopped User Manager for UID 1000.
[[0;32m  OK  [0m] Removed slice User Slice of vagrant.
[[0;32m  OK  [0m] Created slice User Slice of vagrant.
         Starting User Manager for UID 1000...
[[0;32m  OK  [0m] Started Session 2 of user vagrant.
[[0;32m  OK  [0m] Started User Manager for UID 1000.
ci-info: no authorized ssh keys fingerprints found for user ubuntu.
<14>Aug  2 10:09:45 ec2: 
<14>Aug  2 10:09:45 ec2: #############################################################
<14>Aug  2 10:09:45 ec2: -----BEGIN SSH HOST KEY FINGERPRINTS-----
<14>Aug  2 10:09:45 ec2: 1024 SHA256:wYyENyK2VcMaQJ9hx9iIzaOaWOppSo6kDns/Uod9cmM root@ubuntu-xenial (DSA)
<14>Aug  2 10:09:45 ec2: 256 SHA256:wx2MbxgujKlt2gl2W7phjElNCFPuKZ8SgOPYsBs6OiQ root@ubuntu-xenial (ECDSA)
<14>Aug  2 10:09:45 ec2: 256 SHA256:Ki9hl2Y6WmDBOoRh2snBrhZXNEz1e+MPHMJ3+QwMJEY root@ubuntu-xenial (ED25519)
<14>Aug  2 10:09:45 ec2: 2048 SHA256:c4t2zQtJzqNGOYtNi/0xDA+9iU70hssV5Pc1p1TGBYk root@ubuntu-xenial (RSA)
<14>Aug  2 10:09:45 ec2: -----END SSH HOST KEY FINGERPRINTS-----
<14>Aug  2 10:09:45 ec2: #############################################################
-----BEGIN SSH HOST KEY KEYS-----
ecdsa-sha2-nistp256 AAAAE2VjZHNhLXNoYTItbmlzdHAyNTYAAAAIbmlzdHAyNTYAAABBBEU/Y/pZRJZOBTsctoUmTe04qQ34iZ3muB2B8Vq3Mz0gvkdW5kkx7A/c7lAAYBAvKRLqnRmLTYjwZzpL6gxh05k= root@ubuntu-xenial
ssh-ed25519 AAAAC3NzaC1lZDI1NTE5AAAAIOjEbumT1QwMgaozT10sP6nr+7/+mworT5a8K8e71vtH root@ubuntu-xenial
ssh-rsa AAAAB3NzaC1yc2EAAAADAQABAAABAQC8YwBkOQhjrBGARYvtnX0Uze3G70kMEXCoy12XPXUNgmtols7qkbx0GWxOJe1P1SqV7QT7Svu9896niXP1CmUMVZi1YZxTk03BsZVWiqs3XJQr7iSJxSydzAOei35AUvmAjTHJGoZD5q4TH8kApdk8zMruN6bIx54yPwgRwPR7cxhy1aMoqg87GHpCft8wsZFqN2n7jITrtlu/k1AzTHUW8tVtIDXqcA0tMv84zrxspnRMasz+i07wRDNCOgBWG+OmzBEW16X6jKE/ZMOCLdYdzmUAC9qFhRZsaCqya3IPK/K1nITOiVgKoq1fiEq36V/B23J5u1i7PEBopG6lrdr7 root@ubuntu-xenial
-----END SSH HOST KEY KEYS-----
[   21.058756] cloud-init[1468]: Cloud-init v. 18.2 running 'modules:final' at Thu, 02 Aug 2018 10:09:44 +0000. Up 19.93 seconds.
[   21.078784] cloud-init[1468]: ci-info: no authorized ssh keys fingerprints found for user ubuntu.
[   21.085509] cloud-init[1468]: Cloud-init v. 18.2 finished at Thu, 02 Aug 2018 10:09:45 +0000. Datasource DataSourceNoCloud [seed=/dev/sdb][dsmode=net].  Up 21.05 seconds
[[0;32m  OK  [0m] Started Execute cloud user/final scripts.
[[0;32m  OK  [0m] Reached target Cloud-init target.

Ubuntu 16.04.4 LTS ubuntu-xenial ttyS0

ubuntu-xenial login: 