[    0.000000] Initializing cgroup subsy ccpuset
[    0.000000] Initializing cgroup subsys cpu
[    0.000000] Initializing cgroup subsys cpuacct
[    0.000000] Linux version 4.4.0-130-generic (buildd@lgw01-amd64-039) (gcc vrsion 5.4.0 20160609 (Ubuntu 5.4.0-6uuntu1~16.04.9) ) #156-Ubuntu SMP TThu Jun 14 08:53:28 UTC 2018 (Ubuntu 4.4.0-130.156-generic 4.4.134)
[    0.000000] Command line: BOOT_IMAGE=/boot/vmlinuz-4.4.0-130-generic root=LBEL=cloudimg-rootfs ro console=tty1 console=ttyS0
[    0.000000] KERNEL supported cpus:
[    0.000000]   Intel GenuineIntel
[    0.000000]   AMD AuthenticAMD
[    0.000000]   Centaur CentaurHauls
[    0.000000] x86/fpu: xstate_offset[2]:  576, xstate_sizes[2]:  256
[    0.000000] x86/fpu: Supporting XSAVE feature 0x01: 'x87 floating point registers'
[    0.000000] x86/fpu: Supportng XSVEE feature 0x02: 'SSE rgisters'
[    0.000000] x86/fpu: Supporting XSAVE featre 0x04: 'AVX registers'
[    0.000000] x86/fpu: Enabled xstate features 0x7, context size is 832 bytes, using stadard' format.
[    0.000000] x86/fpu: Using 'eager' FPU context switches.
[    0.000000] e820: BIOS-provided physical RAM map:
[    0.000000] BIOS-e820: [mem 0x0000000000000000-0x000000000009fbff] usable
[    0.000000] BIOS-ee820: [mem 0x000000000009fc00-0x000000000009ffff] reserved
[    0.000000] BIOS-e820: [mem 0x00000000000f0000-0x0000000000fffff] reserved
[    0.000000] BIOS-e820: [mm 0x0000000000100000-0x000000003ffeffff] usable
[    0.000000] BIOS-e820: [mem 0x000000003fff0000-0x000000003fffffff] ACPI data
[    0.000000] BIOS-e820: [mem 0x00000000fec00000-0x00000000fec00fff] reserved
[    0.000000] BIOS-e820: [mem 0x00000000fee00000-0x00000000fee00fff] reserved
[    0.000000] BIOS-e820: [mem 0x00000000fffc0000-0x00000000ffffffff] reserved
[    0.000000] NX (Execute Disable) protection: actve
[    0.000000] SMBIOS 2.5 present.
[    0.000000] Hyervisor detected: KVM
[    0.000000] e820: last_pfn = 0x3ff max_arch_pfn = 0x400000000
[    0000000] MTRR: Disabled
[    0.000000] x86/PAT: MTRRs disabled, skipping PAT initialization too.
[    0.000000] CPU MRRs al blank - virtualized system.
[    0.000000] x86/PAT: Configuration [0-7]: WB  WT  UC- UC  WB  WT  UC- UC  
[    0.000000] found SMP MP-table at [mem 0x0009fff-0x0009fff] mapped at [ffff88000009fff0]
[    0.000000] Scanning 1 areas for low memory ccorruption
[    0.000000] RAMDISK: [mem 0x36aa4000-0x37549fff]
[    0.000000] ACI: Earlyabe checksuveriication disabled
[    0.000000] ACPI: RSDP 0x00000000000E0000 000024 (v02 VBOX  )
[    0.000000] ACPI: XSDT 0x000000003FFF0030 00003C (v01 VBOX   VBOXXSDT 00000001 ASL  00000061)
[    0.000000] ACPI: FACP 0000000003FFF00F0 0000F4 (v04 VBOX   VBOXFACP 00000001 SL  00000061)
[    0.000000] ACPI: DSDT 0x000000003FFF0470 0021FF (v02 VBOX   VBOXBIOS 00000002 INTL 20100528)
[    0.000000] ACPI: FACS 0x000000003FFF0200 000040
[    0.000000] ACPI: FACS 0x000000003FFF0200 000040
[    0.000000] ACPI: APIC 0x000000003FFF0240 00005C (v02 VBOX   VBOXAPIC 00000001 ASL  00000061)
[    0.000000] ACPI: SSDT 0x000000003FFF02A0 0001CC (v01 VBOX   VBOXCPUT 00000002 INTL 20100528)
[    0.000000] No NUMA configuration found
[    0.000000] Faking a node at [mem 0x0000000000000000-0x000000003ffeffff]
[    0.000000] NODE_DATA(0) allocated [mem 0x3ffeb000-0x3ffeffff]
[    0.000000] kvm-clock: Using msrs 4b564d01 and 4b564d00
[    0.000000] kvm-clock: cpu 0, msr 0:3ffe3001, primary cpu clock
[    0.000000] kvm-clock: using sched offset of 7240610430 cycles
[    0.000000] clocksource: kvm-clock: mask: 0xffffffffffffffff max_cycles: 0x1cd42e4dffb, max_idle_ns: 881590591483 ns
[    0.000000] Zone ranges:
[    0.000000]   DMA      [mem 0x0000000000001000-0x0000000000ffffff]
[    0.000000]   DMA32    [mem 0x0000000001000000-0x000000003ffeffff]
[    0.000000]   Normal   empty
[    0.000000]   Device   empty
[    0.000000] Movable zone start for each node
[    0.000000] Early memory node ranges
[    0.000000]   node   0: [mem 0x0000000000001000-0x000000000009efff]
[    0.000000]   node   0: [mem 0x0000000000100000-0x000000003ffeffff]
[    0.000000] Initmem setup node 0 [mem 0x0000000000001000-0x00000000ffeffff]
[    0.000000] ACPI: PM-Timer IO Port: 0x4008
[    0.000000] IOAPIC[0]: apic_id 2, version 32, address 0xfec00000 GSI 0-23
[    0.000000] ACPI: INT_SRC_OVR (bus 0 bus_irq 0 global_irq 2 dfl dfl)
[    0.000000] ACPI: INT_SRC_OVR (bus 0 bus_irq 9 global_irq 9 low level)
[    0.000000] Using ACPI (MADT) for SMP configuration infortion
[    0.000000] smpboot: Allowing 2 CPUs, 0 hotplug CPUs
[    0.000000] PPM: Registered nosave memory: [mem 0x00000000-0x00000fff]
[    0.000000] PM: Registered nosave emory: [mem 0x0009f000-0x0009ffff]
[    0.000000] PM: Registered nosave memory: [mem 0x000a0000-0x000effff]
[    0.000000] PM: Registered nosave memory: [mem 0x000f0000-0x000fffff]
[    0.000000] e820: [mem 0x40000000-0xfebfffff] available for PCI devices
[    0.000000] Booting paravirtualized kernel on KVM
[    0.000000] clocksource: refined-jiffies: mask: 0xffffffff max_cycles: 0xffffffff, max_idle_ns: 7645519600211568 ns
[   0.000000] setup_percpu: NR_CPUS:512 nr_cpumask_bits:512 nr_cpu_ids:2 nr_node_ids:1
[    0.000000] PERCPU: Embedded 34 pages/cpu @ffff88003fc00000 s99544 r8192 d31528 u1048576
[    0.000000] PV qspinlock hash table entries: 256 (order: 0, 4096 bytes)
[   0.00000] Built 1 zonelistsin Ne order, mobili grouping o.  Tota pages: 257912
[    0.000000] Policy zone: DMA32
[    0.00000] Kernel command line: BOOT_IMAGE=/boot/vmlinuz-4.4.0-130-generic root=LABEL=cloudimg-rootfs ro console=tty1 console=ttyS0
[    0.000000] PPID hash table entries: 4096 (order: 3, 32768 bytes)
[    0.000000] Memory: 1001612K/1048120K available (8546K kernel code, 1313K rwdata, 4000K rodata, 1516K init, 1316K bss, 46508K reserved, 0K cma-reserved)
[    0.000000] SLUB: HWalign=64, Order=0-3, MinObjects=0, CPUs=2, Nodes=1
[    0.000000] Kernel/User page tables isolation: enabled
[    0.000000] Hierarchical RCU implementation.
[    0.000000] 	Build-time adjustment of leaf fanout to 64.
[    0.000000] 	RCU restricting CPUs from NR_CPUS=512 to nr_cpu_ids=2.
[    0.000000] RCU: Adjusting geometry for rcu_fanout_leaf=64, nr_cpu_ids=2
[    0.000000] NR_IRQS:33024 nr_irqs:440 16
[    0.000000] Console: colour VGA+ 80x25
[    0.000000] console [tty1] enabled
[   0.000000] console [ttyS0] enabled
[    0.000000] tsc: Detected 1599.999 MHz processor
[    1.751944] Calibrating delay loop (skipped) preset value.. 3199.99 BogoMIPS (lpj=6399996)
[    1.759898] pid_max: default: 32768 minimum: 301
[    1.763145] ACPI: Core revision 20150930
[    1.767466] ACPI: 2 ACPI AML tables successfully acquired and loaded
[    1.773190] Security Framework initialized
[    1.776630] Yama: becoming mindful.
[    1.779168] AppArmor: AppArmor initialized
[    1.786310] Dentry cache hash table entries: 131072 (order: 8, 1048576 bytes)
[    1.793416] Inode-cache hash table entries: 65536 (order: 7, 524288 bytes)
[    1.802932] Mount-cache hash table entries: 2048 (order: 2, 16384 bytes)
[    1.805693] Mountpoint-cache hash table entries: 2048 (order: 2, 16384 bytes)
[    1.814601] Initializing cgroup subsys io
[    1.816628] Initializing cgroup subsys memory
[    1.821707] Initializing cgroup subsys devices
[    1.828585] Initializing cgroup subsys freezer
[    1.842090] Initializing cgroup subsys net_cls
[    1.850225] Initializing cgroup subsys perf_event
[    1.852558] Initializing cgroup subsys net_prio
[    1.854723] Initializing cgroup subsys hugetlb
[    1.856902] Initializing cgroup subsys pids
[    1.858813] CPU: Physical Processor ID: 0
[    1.860900] CPU: Processor Core ID: 0
[    1.879315] mce: CPU supports 0 MCE banks
[    1.881163] Last level iTLB entries: 4KB 64, 2MB 8, 4MB 8
[    1.884280] Last level dTLB entries: 4KB 64, 2MB 0, 4MB 0, 1GB 4
[    1.896540] Spectre V2 : Mitigation: Full generic retpoline
[    1.902750] Spectre V2 : Speculation control IBPB not-supported IBRS not-supported
[    1.910942] Speculative Store Bypass: Vulnerable
[    1.920146] Freeing SMP alternatives memory: 32K
[    1.943216] ftrace: allocating 32245 entries in 126 pages
[    2.011652] smpboot: APIC(0) Converting physical 0 to logical package 0
[    2.015812] smpboot: Max logical packages: 1
[    2.024436] x2apic enabled
[    2.026575] Switched APIC routing to physical x2apic.
[    2.041913] ..TIMER: vector=0x30 apic1=0 pin1=2 apic2=-1 pin2=-1
[    2.152015] smpboot: CPU0: Intel(R) Core(TM) i5-5250U CPU @ 1.60GHz (family: 0x6, model: 0x3d, stepping: 0x4)
[    2.165356] Performance Events: unsupported p6 CPU model 61 no PMU driver, software events only.
[    2.177639] KVM setup paravirtual spinlock
[    2.181998] x86: Booting SMP configuration:
[    2.185287] .... node  #0, CPUs:      #1
[    2.188575] kvm-clock: cpu 1, msr 0:3ffe3041, secondary cpu clock
[    2.193352] mce: CPU supports 0 MCE banks
[    2.197055] x86: Booted up 1 node, 2 CPUs
[    2.211062] smpboot: Total of 2 processors activated (6399.99 BogoMIPS)
[    2.221066] devtmpfs: initialized
[    2.230427] evm: security.selinux
[    2.252213] evm: security.SMACK64
[    2.272049] evm: security.SMACK64EXEC
[    2.286187] evm: security.SMACK64TRANSMUTE
[    2.321552] evm: security.SMACK64MMAP
[    2.346990] evm: security.ima
[    2.363294] evm: security.capability
[    2.380459] clocksource: jiffies: mask: 0xffffffff max_cycles: 0xffffffff, max_idle_ns: 7645041785100000 ns
[    2.467553] futex hash table entries: 512 (order: 3, 32768 bytes)
[    2.500362] pinctrl core: initialized pinctrl subsystem
[    2.530265] RTC time:  1:36:45, date: 07/31/18
[    2.574962] NET: Registered protocol family 16
[    2.625022] cpuidle: using governor ladder
[    2.652436] cpuidle: using governor menu
[    2.676156] PCCT header not found.
[    2.713368] ACPI: bus type PCI registered
[    2.729770] acpiphp: ACPI Hot Plug PCI Controller Driver version: 0.5
[    2.764699] PCI: Using configuration type 1 for base access
[    2.784889] ACPI: Added _OSI(Module Device)
[    2.788591] ACPI: Added _OSI(Processor Device)
[    2.791743] ACPI: Added _OSI(3.0 _SCP Extensions)
[    2.795891] ACPI: Added _OSI(Processor Aggregator Device)
[    2.802241] ACPI: Executed 1 blocks of module-level executable AML code
[    2.812804] ACPI: Interpreter enabled
[    2.816096] ACPI: (supports S0 S5)
[    2.824650] ACPI: Using IOAPIC for interrupt routing
[    2.837198] PCI: Using host bridge windows from ACPI; if necessary, use "pci=nocrs" and report a bug
[    2.851742] ACPI: PCI Root Bridge [PCI0] (domain 0000 [bus 00-ff])
[    2.856744] acpi PNP0A03:00: _OSC: OS supports [ASPM ClockPM Segments MSI]
[    2.868546] acpi PNP0A03:00: _OSC: not requesting OS control; OS requires [ExtendedConfig ASPM ClockPM MSI]
[    2.879094] acpi PNP0A03:00: fail to add MMCONFIG information, can't access extended PCI configuration space under this bridge.
[    2.925113] PCI host bridge to bus 0000:00
[    2.942365] pci_bus 0000:00: root bus resource [io  0x0000-0x0cf7 window]
[    2.976003] pci_bus 0000:00: root bus resource [io  0x0d00-0xffff window]
[    3.023613] pci_bus 0000:00: root bus resource [mem 0x000a0000-0x000bffff window]
[    3.062993] pci_bus 0000:00: root bus resource [mem 0x40000000-0xfdffffff window]
[    3.108739] pci_bus 0000:00: root bus resource [bus 00-ff]
[    3.153210] pci 0000:00:01.1: legacy IDE quirk: reg 0x10: [io  0x01f0-0x01f7]
[    3.170724] pci 0000:00:01.1: legacy IDE quirk: reg 0x14: [io  0x03f6]
[    3.194653] pci 0000:00:01.1: legacy IDE quirk: reg 0x18: [io  0x0170-0x0177]
[    3.260784] pci 0000:00:01.1: legacy IDE quirk: reg 0x1c: [io  0x0376]
[    3.292531] pci 0000:00:07.0: quirk: [io  0x4000-0x403f] claimed by PIIX4 ACPI
[    3.299209] pci 0000:00:07.0: quirk: [io  0x4100-0x410f] claimed by PIIX4 SMB
[    3.324284] ACPI: PCI Interrupt Link [LNKA] (IRQs 5 9 10 *11)
[    3.335190] ACPI: PCI Interrupt Link [LNKB] (IRQs 5 9 *10 11)
[    3.342481] ACPI: PCI Interrupt Link [LNKC] (IRQs 5 *9 10 11)
[    3.348969] ACPI: PCI Interrupt Link [LNKD] (IRQs 5 9 10 *11)
[    3.355557] ACPI: Enabled 2 GPEs in block 00 to 07
[    3.361376] vgaarb: setting as boot device: PCI:0000:00:02.0
[    3.365830] vgaarb: device added: PCI:0000:00:02.0,decodes=io+mem,owns=io+mem,locks=none
[    3.375327] vgaarb: loaded
[    3.377858] vgaarb: bridge control possible 0000:00:02.0
[    3.383102] SCSI subsystem initialized
[    3.387129] ACPI: bus type USB registered
[    3.395063] usbcore: registered new interface driver usbfs
[    3.406213] usbcore: registered new interface driver hub
[    3.412335] usbcore: registered new device driver usb
[    3.422156] PCI: Using ACPI for IRQ routing
[    3.428604] NetLabel: Initializing
[    3.434508] NetLabel:  domain hash size = 128
[    3.439773] NetLabel:  protocols = UNLABELED CIPSOv4
[    3.451457] NetLabel:  unlabeled traffic allowed by default
[    3.459222] amd_nb: Cannot enumerate AMD northbridges
[    3.469853] clocksource: Switched to clocksource kvm-clock
[    3.519874] ApArmor: AppAror Filesystem Enabled
[    3.608138] pnp: PnP ACPI init
[    3.611377] pnp: PnP ACPI: found 3 devices

[    3.629459] closource: acpi_pm: mask: 0xffffff max_cycles: 0xffffff, x_idle_ns: 2085701024 ns
[    3.743253] NET: Registered protocol family 2

[    3.746795] TCP established hash table entries: 8192 (oer: 4, 65536 bytes)
[    3.809285] TCP bind hash table entries: 8192 (order: 5, 131072 bytes)
[    3.813363] TCP: Hash tables configuredestablished 8192 bind 8192)
[    3.870754] UDP hash table entries: 512 (order: 2, 16384 bytes)
[   .874857] UDP-Lte hash table entries: 512 rder: 2, 16384 bytes)
[    4.035814] NET: Registered protocol family 1
[    4.038774] pci 0000:00:00.0: Limiting direct PCI/PCI transfers
[    4.042669] pci 0000:00:01.0: Activating ISA DMA hang workarounds
[    4.046575] Unpacking initramfs...

[    6.31779 Freeing initrd memory: 10904K
[    6.374315] RAPL PMU detected, API unit is 2^-32 Joules, 4 fixed counters 10737418240 ms ovfl timer
[    6.405103] hw unt of doain pp0-core 2^-0 Joules

[    6.459791] hw unit of domain package 2^-0 Joules
[    6.462857] hw unit of domain dram 2^-0 Joules
[    6.469777] hw unit of domain pp1-gpu 2^-0 Joules
[    6.472608] platform rtc_cmos: registered platform RTC device (no PNP device found)
[    6.477759] Scanning for low memory corruption every 60 seconds
[    6.482368] audit: initializing netlink subsys (disabled)
[    6.486334] audit: type=2000 audit(1533001015.263:1): initialized
[    6.497210] Initialise system trusted keyring
[    6.500242] HugeTLB registered 2 MB page size, pre-allocated 0 pages
[    6.505753] zbud: loaded
[    6.507975] VFS: Disk quotas dquot_6.6.0
[    6.516475] VFS: Dquot-cache hash table entries: 512 (order 0, 4096 bytes)
[    6.521551] squashfs: version 4.0 (2009/01/31) Phillip Lougher
[    6.544805] fuse init (API version 7.23)
[    6.59016] K typeig_key registered
[    6.758390] llocating IMA MOK and blacklist keyrings.

[    6.794055] Key type asymmetric registered
[    6.797231] Asymmetric key parser 'x509' registered
[    6.800957] Block layer SCSI generic (bsg) driver version 0.4 loaded (major 249)
[    6.807223] io scheduler noop registered
[    6.810648] io scheduler deadline registered (default)
[    6.816577] io scheduler cfq registered
[    6.820017] pci_hotplug: PCI Hot Plug PCI Core version: 0.5
[    6.824652] pciehp: PCI Express Hot Plug Controller Driver version: 0.4
[    6.829983] ACPI: AC Adapter [AC] (on-line)
[    6.833617] input: Power Button as /devices/LNXSYSTM:00/LNXPWRBN:00/input/input0
[    6.864434] ACPI: Power Button [PWRF]
[    6.868282] input: Sleep Button as /devices/LNXSYSTM:00/LNXSLPBN:00/input/input1
[    6.875175] ACPI: Sleep Button [SLPF]
[    6.879154] GHES: HEST is not enabled!
[    6.881131] ACPI: Battery Slot [BAT0] (battery present)
[    6.886514] Serial: 8250/16550 driver, 32 ports, IRQ sharing enabled
[    6.919593] 00:02: ttyS0 at I/O 0x3f8 (irq = 4, base_baud = 115200) is a 16550A
[    6.940304] Linux agpgart interface v0.103
[    6.948826] loop: module loaded
[    6.958779] scsi host0: ata_piix
[    6.964920] scsi host1: ata_piix
[    6.975081] ata1: PATA max UDMA/33 cmd 0x1f0 ctl 0x3f6 bmdma 0xd000 irq 14
[    6.994488] ata2: PATA max UDMA/33 cmd 0x170 ctl 0x376 bmdma 0xd008 irq 15
[    7.015758] libphy: Fixed MDIO Bus: probd
[   7.01293] tun: Universal TUN/TAP device driver, 1.6
[    7.172521] tun: (C) 1999-2004 Max Krasnyansky <maxk@qualcomm.cm>

[    7.205749] PPP generic driver version 2.4.2
[    7.213745] ehci_hcd: USB 2.0 'Enhanced' Host Controller (EHCI) Driver
[    7.221189] ehci-pci: EHCI PCI platform driver
[    7.225339] ehci-platform: EHCI generic platform driver
[    7.229789] ohci_hcd: USB 1.1 'Open' Host Controller (OHCI) Driver
[    7.236652] ohci-pci: OHCI PCI platform driver
[    7.243618] ohci-platform: OHCI generic platform driver
[    7.251156] uhci_hcd: USB Universal Host Controller Interface driver
[    7.259711] i8042: PNP: PS/2 Controller [PNP0303:PS2K,PNP0f03:PS2M] at 0x60,0x64 irq 1,12
[    7.266879] serio: i8042 KBD port at 0x60,0x64 irq 1
[    7.270806] serio: i8042 AUX port at 0x60,0x64 irq 12
[    7.275294] mousedev: PS/2 mouse device common for all mice
[    7.286721] rtc_cmos rtc_cmos: rtc core: registered rtc_cmos as rtc0
[    7.296587] rtc_cmos rtc_cmos: alarms up to one day, 114 bytes nvram
[    7.309427] i2c /dev entries driver
[    7.311066] input: AT Translated Set 2 keyboard as /devices/platform/i8042/serio0/input/input2
[    7.315065] device-mapper: uevent: version 1.0.3
[    7.320139] device-mapper: ioctl: 4.34.0-ioctl (2015-10-28) initialised: dm-devel@redhat.com
[    7.328685] ledtrig-cpu: registered to indicate activity on CPUs
[    7.335948] NET: Registered protocol family 10
[    7.344699] NET: Registered protocol family 17
[    7.350412] Key type dns_resolver registered
[    7.357133] registered taskstats version 1
[    7.360957] Loading compiled-in X.509 certificates
[    7.366075] Loaded X.509 cert 'Build time autogenerated kernel key: b3e0fe4bcd6378c38a2c0a4648abbc1fa5043a22'
[    7.376349] zswap: loaded using pool lzo/zbud
[    7.384298] Key type trusted registered
[    7.391936] Key type encrypted registered
[    7.398455] AppArmor: AppArmor sha1 policy hashing enabled
[    7.403543] ima: No TPM chip found, activating TPM-bypass!
[    7.408320] ima: Allocated hash algorithm: sha1
[    7.412099] evm: HMAC attrs: 0x1
[    7.415749]   Magic number: 10:21:611
[    7.418700] rtc_cmos rtc_cmos: setting system clock to 2018-07-31 01:36:50 UTC (1533001010)
[    7.426443] BIOS EDD facility v0.16 2004-Jun-25, 0 devices found
[    7.431569] EDD information not available.
[    7.443561] Freeing unused kernel memory: 1516K
[    7.462613] Write protecting the kernel read-only data: 14336k
[    7.468943] Freeing unused kernel memory: 1680K
[    7.472963] tsc: Refined TSC clocksource calibration: 1599.157 MHz
[    7.751165] clocksource: tsc: mask: 0xffffffffffffffff max_cycles: 0x170d0894844, max_idle_ns: 440795259967 ns
[    7.762970] Freeing unused kernel memory: 96K
Loading, please wait...
starting version 229
[    7.790660] random: systemd-udevd: uninitialized urandom read (16 bytes read, 5 bits of entropy available)
[    7.792161] random: udevadm: uninitialized urandom read (16 bytes read, 5 bits of entropy available)
[    7.792195] random: udevadm: uninitialized urandom read (16 bytes read, 5 bits of entropy available)
[    7.807768] random: udevadm: uninitialized urandom read (16 bytes read, 5 bits of entropy available)
[    7.807845] random: udevadm: uninitialized urandom read (16 bytes read, 5 bits of entropy available)
[    7.808083] random: udevadm: uninitialized urandom read (16 bytes read, 5 bits of entropy available)
[    7.808176] random: udevadm: uninitialized urandom read (16 bytes read, 5 bits of entropy available)
[    7.808274] random: udevadm: uninitialized urandom read (16 bytes read, 5 bits of entropy available)
[    7.808550] random: udevadm: uninitialized urandom read (16 bytes read, 5 bits of entropy available)
[    7.808652] random: udevadm: uninitialized urandom read (16 bytes read, 5 bits of entropy available)
[    7.919129] e1000: Intel(R) PRO/1000 Network Driver - version 7.3.21-k8-NAPI
[    7.937257] e1000: Copyright (c) 1999-2006 Intel Corporation.
[    7.962675] Fusion MPT base driver 3.04.20
[    7.966354] Copyright (c) 1999-2008 LSI Corporation
[    8.000145] AVX2 version of gcm_enc/dec engaged.
[    8.005826] AES CTR mode by8 optimization enabled
[    8.017223] Fusion MPT SPI Host driver 3.04.20
[    8.224629] input: ImExPS/2 Generic Explorer Mouse as /devices/platform/i8042/serio1/input/input4
[    8.513762] e1000 0000:00:03.0 eth0: (PCI:33MHz:32-bit) 02:c5:fa:e6:4f:6d
[    8.543696] e1000 0000:00:03.0 eth0: Intel(R) PRO/1000 Network Connection
[    8.593169] mptbase: ioc0: Initiating bringup
[    8.783473] ioc0: LSI53C1030 A0: Capabilities={Initiator}
[    9.789335] scsi host2: ioc0: LSI53C1030 A0, FwRev=00000000h, Ports=1, MaxQ=256, IRQ=20
[   11.066896] scsi 2:0:0:0: Direct-Access     VBOX     HARDDISK         1.0  PQ: 0 ANSI: 5
[   11.495792] scsi target2:0:0: Beginning Domain Validation
[   11.501415] scsi target2:0:0: Domain Validation skipping write tests
[   11.515052] scsi target2:0:0: Ending Domain Validation
[   11.530690] scsi target2:0:0: asynchronous
[   11.544498] scsi 2:0:1:0: Direct-Access     VBOX     HARDDISK         1.0  PQ: 0 ANSI: 5
[   11.557571] scsi target2:0:1: Beginning Domain Validation
[   11.565981] scsi target2:0:1: Domain Validation skipping write tests
[   11.576083] scsi target2:0:1: Ending Domain Validation
[   11.580927] scsi target2:0:1: asynchronous
[   11.619694] sd 2:0:0:0: [sda] 20971520 512-byte logical blocks: (10.7 GB/10.0 GiB)
[   11.711947] sd 2:0:0:0: Attached scsi generic sg0 type 0
[   11.771673] sd 2:0:1:0: [sdb] 20480 512-byte logical blocks: (10.5 MB/10.0 MiB)
[   11.801262] sd 2:0:1:0: Attached scsi generic sg1 type 0
[   11.812056] sd 2:0:0:0: [sda] Write Protect is off
[   11.816636] sd 2:0:0:0: [sda] Incomplete mode parameter data
[   11.822114] sd 2:0:0:0: [sda] Assuming drive cache: write through
[   11.827386] sd 2:0:1:0: [sdb] Write Protect is off
[   11.838065] sd 2:0:1:0: [sdb] Incomplete mode parameter data
[   11.841800] sd 2:0:1:0: [sdb] Assuming drive cache: write through
[   11.849328]  sda: sda1
[   11.856603] sd 2:0:0:0: [sda] Attached SCSI disk
[   11.868268] sd 2:0:1:0: [sdb] Attached SCSI disk
[   12.058316] e1000 0000:00:08.0 eth1: (PCI:33MHz:32-bit) 08:00:27:7d:e1:d7
[   12.069312] e1000 0000:00:08.0 eth1: Intel(R) PRO/1000 Network Connection
[   12.078264] e1000 0000:00:03.0 enp0s3: renamed from eth0
[   12.103115] e1000 0000:00:08.0 enp0s8: renamed from eth1
Begin: Loading essential drivers ... [   13.507757] md: linear personality registered for level -1
[   13.520849] md: multipath personality registered for level -4
[   13.530007] md: raid0 personality registered for level 0
[   13.547183] md: raid1 personality registered for level 1
[   13.625905] raid6: sse2x1   gen()  7191 MB/s
[   13.693972] raid6: sse2x1   xor()  4764 MB/s
[   13.794017] raid6: sse2x2   gen()  8131 MB/s
[   13.861921] raid6: sse2x2   xor()  5112 MB/s
[   13.938031] raid6: sse2x4   gen()  9976 MB/s
[   14.009928] raid6: sse2x4   xor()  7377 MB/s
[   14.082071] raid6: avx2x1   gen()  5362 MB/s
[   14.157906] raid6: avx2x2   gen()  4854 MB/s
[   14.230579] raid6: avx2x4   gen() 18033 MB/s
[   14.235488] raid6: using algorithm avx2x4 gen() 18033 MB/s
[   14.242407] raid6: using avx2x2 recovery algorithm
[   14.250703] xor: automatically using best checksumming function:
[   14.294353]    avx       : 23197.000 MB/sec
[   14.301543] async_tx: api initialized (async)
[   14.317963] md: raid6 personality registered for level 6
[   14.326384] md: raid5 personality registered for level 5
[   14.334367] md: raid4 personality registered for level 4
[   14.354015] md: raid10 personality registered for level 10
done.
Begin: Running /scripts/init-premount ... done.
Begin: Mounting root file system ... Begin: Running /scripts/local-top ... done.
Begin: Running /scripts/local-premount ... [   14.420012] Btrfs loaded
Scanning for Btrfs filesystems
done.
Warning: fsck not present, so skipping root file system
[   14.549012] EXT4-fs (sda1): mounted filesystem with ordered data mode. Opts: (null)
done.
Begin: Running /scripts/local-bottom ... done.
Begin: Running /scripts/init-bottom ... done.
[   15.043581] systemd[1]: systemd 229 running in system mode. (+PAM +AUDIT +SELINUX +IMA +APPARMOR +SMACK +SYSVINIT +UTMP +LIBCRYPTSETUP +GCRYPT +GNUTLS +ACL +XZ -LZ4 +SECCOMP +BLKID +ELFUTILS +KMOD -IDN)
[   15.066247] systemd[1]: Detected virtualization oracle.
[   15.072826] systemd[1]: Detected architecture x86-64.

Welcome to [1mUbuntu 16.04.4 LTS[0m!

[   15.089252] systemd[1]: Set hostname to <ubuntu-xenial>.
[   15.864524] systemd[1]: Listening on LVM2 metadata daemon socket.
[[0;32m  OK  [0m] Listening on LVM2 metadata daemon socket.
[   15.886728] systemd[1]: Listening on Journal Socket.
[[0;32m  OK  [0m] Listening on Journal Socket.
[   15.905292] systemd[1]: Started Trigger resolvconf update for networkd DNS.
[[0;32m  OK  [0m] Started Trigger resolvconf update for networkd DNS.
[   15.938975] systemd[1]: Set up automount Arbitrary Executable File Formats File System Automount Point.
[[0;32m  OK  [0m] Set up automount Arbitrary Executab...ats File System Automount Point.
[   15.962796] systemd[1]: Listening on Device-mapper event daemon FIFOs.
[[0;32m  OK  [0m] Listening on Device-mapper event daemon FIFOs.
[   15.982462] systemd[1]: Reached target User and Group Name Lookups.
[[0;32m  OK  [0m] Reached target User and Group Name Lookups.
[   16.001566] systemd[1]: Listening on Syslog Socket.
[[0;32m  OK  [0m] Listening on Syslog Socket.
[   16.010364] systemd[1]: Listening on /dev/initctl Compatibility Named Pipe.
[[0;32m  OK  [0m] Listening on /dev/initctl Compatibility Named Pipe.
[   16.022941] systemd[1]: Created slice User and Session Slice.
[[0;32m  OK  [0m] Created slice User and Session Slice.
[   16.054805] systemd[1]: Reached target System Time Synchronized.
[[0;32m  OK  [0m] Reached target System Time Synchronized.
[   16.066257] systemd[1]: Listening on LVM2 poll daemon socket.
[[0;32m  OK  [0m] Listening on LVM2 poll daemon socket.
[   16.091933] systemd[1]: Created slice System Slice.
[[0;32m  OK  [0m] Created slice System Slice.
[   16.108569] systemd[1]: Reached target Slices.
[[0;32m  OK  [0m] Reached target Slices.
[   16.150693] systemd[1]: Mounting Debug File System...
         Mounting Debug File System...
[   16.174174] systemd[1]: Starting Load Kernel Modules...
         Starting Load Kernel Modules...
[   16.198864] Loading iSCSI transport class v2.0-870.
[   16.218267] systemd[1]: Mounting POSIX Message Queue File System...
[   16.227293] iscsi: registered transport (tcp)
         Mounting POSIX Message Queue File System...
[   16.240571] systemd[1]: Starting Set console keymap...
         Starting Set console keymap...
[   16.253398] systemd[1]: Mounting Huge Pages File System...
         [   16.272051] random: nonblocking pool is initialized
Mounting Huge Pages File System...
[   16.292066] systemd[1]: Starting Monitoring of LVM2 mirrors, snapshots etc. using dmeventd or progress polling...
         Starting Monitoring of LVM2 mirrors... dmeventd or progress polling...
[   16.369501] iscsi: registered transport (iser)
[   16.391537] systemd[1]: Starting Create list of required static device nodes for the current kernel...
         Starting Create list of required st... nodes for the current kernel...
[   16.487183] systemd[1]: Starting Remount Root and Kernel File Systems...
         Starting Remount Root and Kernel File Systems...
[   16.531200] systemd[1]: Starting Nameserver information manager...
[   16.535868] EXT4-fs (sda1): re-mounted. Opts: (null)
         Starting Nameserver information manager...
[   16.594719] systemd[1]: Listening on Journal Audit Socket.
[[0;32m  OK  [0m] Listening on Journal Audit Socket.
[   16.689852] systemd[1]: Reached target Swap.
[[0;32m  OK  [0m] Reached target Swap.
[   16.710718] systemd[1]: Starting Uncomplicated firewall...
         Starting Uncomplicated firewall...
[   16.733860] systemd[1]: Listening on Journal Socket (/dev/log).
[[0;32m  OK  [0m] Listening on Journal Socket (/dev/log).
[   16.747142] systemd[1]: Starting Journal Service...
         Starting Journal Service...
[   16.758856] systemd[1]: Started Forward Password Requests to Wall Directory Watch.
[[0;32m  OK  [0m] Started Forward Password Requests to Wall Directory Watch.
[   16.779852] systemd[1]: Listening on udev Control Socket.
[[0;32m  OK  [0m] Listening on udev Control Socket.
[   16.791666] systemd[1]: Created slice system-serial\x2dgetty.slice.
[[0;32m  OK  [0m] Created slice system-serial\x2dgetty.slice.
[   16.842219] systemd[1]: Reached target Encrypted Volumes.
[[0;32m  OK  [0m] Reached target Encrypted Volumes.
[   16.954643] systemd[1]: Listening on udev Kernel Socket.
[[0;32m  OK  [0m] Listening on udev Kernel Socket.
[   17.024103] systemd[1]: Mounted POSIX Message Queue File System.
[[0;32m  OK  [0m] Mounted POSIX Message Queue File System.
[   17.058825] systemd[1]: Mounted Huge Pages File System.
[[0;32m  OK  [0m] Mounted Huge Pages File System.
[   17.068678] systemd[1]: Mounted Debug File System.
[[0;32m  OK  [0m] Mounted Debug File System.
[   17.086598] systemd[1]: Started Journal Service.
[[0;32m  OK  [0m] Started Journal Service.
[[0;32m  OK  [0m] Started Load Kernel Modules.
[[0;32m  OK  [0m] Started Set console keymap.
[[0;32m  OK  [0m] Started Create list of required sta...ce nodes for the current kernel.
[[0;32m  OK  [0m] Started Remount Root and Kernel File Systems.
[[0;32m  OK  [0m] Started Uncomplicated firewall.
[[0;32m  OK  [0m] Started Nameserver information manager.
[[0;32m  OK  [0m] Started LVM2 metadata daemon.
         Starting Load/Save Random Seed...
         Starting udev Coldplug all Devices...
         Starting Create Static Device Nodes in /dev...
         Mounting FUSE Control File System...
         Starting Apply Kernel Variables...
         Starting Flush Journal to Persistent Storage...
[[0;32m  OK  [0m] Mounted FUSE Control File System.
[[0;32m  OK  [0m] Started Load/Save Random Seed.
[[0;32m  OK  [0m] Started Apply Kernel Variables.
[[0;32m  OK  [0m] Started Create Static Device Nodes in /dev.
[[0;32m  OK  [0m] Started udev Coldplug all Devices.
[[0;32m  OK  [0m] Started Flush Journal to Persistent Storage.
         Starting udev Kernel Device Manager...
[[0;32m  OK  [0m] Started udev Kernel Device Manager.
[[0;32m  OK  [0m] Started Dispatch Password Requests to Console Directory Watch.
[[0;32m  OK  [0m] Started Monitoring of LVM2 mirrors,...ng dmeventd or progress polling.
[[0;32m  OK  [0m] Reached target Local File Systems (Pre).
[[0;32m  OK  [0m] Reached target Local File Systems.
         Starting LSB: AppArmor initialization...
         Starting Set console font and keymap...
         Starting Create Volatile Files and Directories...
         Starting Initial cloud-init job (pre-networking)...
         Starting Tell Plymouth To Write Out Runtime Data...
[[0;32m  OK  [0m] Started Tell Plymouth To Write Out Runtime Data.
[[0;32m  OK  [0m] Started Create Volatile Files and Directories.
         Starting Update UTMP about System Boot/Shutdown...
[[0;32m  OK  [0m] Started Update UTMP about System Boot/Shutdown.
[[0;32m  OK  [0m] Found device /dev/ttyS0.
[[0;32m  OK  [0m] Started LSB: AppArmor initialization.
[[0;32m  OK  [0m] Found device 82540EM Gigabit Ethern...r (PRO/1000 MT Desktop Adapter).
[[0;32m  OK  [0m] Found device 82540EM Gigabit Ethern...r (PRO/1000 MT Desktop Adapter).
[[0;32m  OK  [0m] Listening on Load/Save RF Kill Switch Status /dev/rfkill Watch.
[[0;32m  OK  [0m] Started Set console font and keymap.
[[0;32m  OK  [0m] Created slice system-getty.slice.
[   18.377548] cloud-init[486]: Cloud-init v. 18.2 running 'init-local' at Tue, 31 Jul 2018 01:37:03 +0000. Up 17.71 seconds.
[[0;32m  OK  [0m] Started Initial cloud-init job (pre-networking).
[[0;32m  OK  [0m] Reached target Network (Pre).
[[0;32m  OK  [0m] Started ifup for enp0s3.
         Starting Raise network interfaces...
[[0;32m  OK  [0m] Started ifup for enp0s8.
[[0;32m  OK  [0m] Started Raise network interfaces.
[[0;32m  OK  [0m] Reached target Network.
         Starting Initial cloud-init job (metadata service crawler)...
[   20.112399] cloud-init[1088]: Cloud-init v. 18.2 running 'init' at Tue, 31 Jul 2018 01:37:05 +0000. Up 19.37 seconds.
[   20.209044] cloud-init[1088]: ci-info: ++++++++++++++++++++++++++++++++++++++Net device info++++++++++++++++++++++++++++++++++++++
[[0;32m  OK  [0m[   20.281949] cloud-init[1088]: ci-info: +--------+------+-----------------------------+---------------+-------+-------------------+
[   20.282193] cloud-init[1088]: ci-info: | Device |  Up  |           Address           |      Mask     | Scope |     Hw-Address    |
[   20.282363] cloud-init[1088]: ci-info: +--------+------+-----------------------------+---------------+-------+-------------------+
[   20.282486] cloud-init[1088]: ci-info: | enp0s3 | True |          10.0.2.15          | 255.255.255.0 |   .   | 02:c5:fa:e6:4f:6d |
[   20.282601] cloud-init[1088]: ci-info: | enp0s3 | True |  fe80::c5:faff:fee6:4f6d/64 |       .       |  link | 02:c5:fa:e6:4f:6d |
[   20.282782] cloud-init[1088]: ci-info: | enp0s8 | True |        192.168.10.100       | 255.255.255.0 |   .   | 08:00:27:7d:e1:d7 |
[   20.282886] cloud-init[1088]: ci-info: | enp0s8 | True | fe80::a00:27ff:fe7d:e1d7/64 |       .       |  link | 08:00:27:7d:e1:d7 |
[   20.282975] cloud-init[1088]: ci-info: |   lo   | True |          127.0.0.1          |   255.0.0.0   |   .   |         .         |
[   20.283062] cloud-init[1088]: ci-info: |   lo   | True |           ::1/128           |       .       |  host |         .         |
[   20.283156] cloud-init[1088]: ci-info: +--------+------+-----------------------------+---------------+-------+-------------------+
[   20.283312] cloud-init[1088]: ci-info: ++++++++++++++++++++++++++++Route IPv4 info++++++++++++++++++++++++++++
[   20.283462] cloud-init[1088]: ci-info: +-------+--------------+----------+---------------+-----------+-------+
[   20.283574] cloud-init[1088]: ci-info: | Route | Destination  | Gateway  |    Genmask    | Interface | Flags |
[   20.283670] cloud-init[1088]: ci-info: +-------+--------------+----------+---------------+-----------+-------+
[   20.283759] cloud-init[1088]: ci-info: |   0   |   0.0.0.0    | 10.0.2.2 |    0.0.0.0    |   enp0s3  |   UG  |
[   20.283847] cloud-init[1088]: ci-info: |   1   |   10.0.2.0   | 0.0.0.0  | 255.255.255.0 |   enp0s3  |   U   |
[   20.283934] cloud-init[1088]: ci-info: |   2   | 192.168.10.0 | 0.0.0.0  | 255.255.255.0 |   enp0s8  |   U   |
] Started Initial cloud-init job (metadata service crawler).
[[0;32m  OK  [0m] Reached target Cloud-config availability.
[[0;32m  OK  [0m] Reached target Network is Online.
[   20.284070] cloud-init[1088]: ci-info: +-------+--------------+----------+---------------+-----------+-------+
         Starting iSCSI initiator daemon (iscsid)...
[[0;32m  OK  [0m] Reached target System Initialization.
[[0;32m  OK  [0m] Listening on UUID daemon activation socket.
[[0;32m  OK  [0m] Started ACPI Events Check.
[[0;32m  OK  [0m] Reached target Paths.
         Starting LXD - unix socket.
[[0;32m  OK  [0m] Listening on ACPID Listen Socket.
         Starting Socket activation for snappy daemon.
[[0;32m  OK  [0m] Listening on D-Bus System Message Bus Socket.
[[0;32m  OK  [0m] Started Daily Cleanup of Temporary Directories.
[[0;32m  OK  [0m] Started Daily apt download activit
[[0;32m  OK  [0m] Started Daily apt upgrade and clean activities.
[[0;32m  OK  [0m] Reached target Timers.
[[0;32m  OK  [0m] Listening on LXD - unix socket.
[[0;32m  OK  [0m] Listening on Socket activation for snappy daemon.
[[0;32m  OK  [0m] Started iSCSI initiator daemon (iscsid).
         Starting Login to default iSCSI targets...
[[0;32m  OK  [0m] Reached target Sockets.
[[0;32m  OK  [0m] Reached target Basic System.
         Starting Login Service...
         Starting A high performance web server and a reverse proxy server...
[[0;32m  OK  [0m] Started D-Bus System Message Bus.
         Starting /etc/rc.local Compatibility...
         Starting Apply the settings specified in cloud-config...
         Starting LSB: MD monitoring daemon...
[[0;32m  OK  [0m] Started Unattended Upgrades Shutdown.
         Starting OpenBSD Secure Shell server...
         Starting Snappy daemon...
[[0;32m  OK  [0m] Started Deferred execution scheduler.
         Starting System Logging Service...
[[0;32m  OK  [0m] Started ACPI event daemon.
         Starting LXD - container startup/shutdown...
         Starting Virtualbox guest utils...
         Starting Accounts Service...
[[0;32m  OK  [0m] Started Regular background program processing daemon.
[[0;32m  OK  [0m] Started FUSE filesystem for LXC.
         Starting LSB: Record successful boot for GRUB...
[[0;32m  OK  [0m] Started System Logging Service.
[[0;32m  OK  [0m] Started OpenBSD Secure Shell server.
[[0;32m  OK  [0m] Started /etc/rc.local Compatibility.
[[0;32m  OK  [0m] Started A high performance web server and a reverse proxy server.
[[0;32m  OK  [0m] Started Login to default iSCSI targets.
[[0;32m  OK  [0m] Started LSB: MD monitoring daemon.
[[0;32m  OK  [0m] Started LXD - container startup/shutdown.
[[0;32m  OK  [0m] Started Snappy daemon.
[[0;32m  OK  [0m] Started LSB: Record successful boot for GRUB.
[[0;32m  OK  [0m] Started Login Service.
         Starting Authenticate and Authorize Users to Run Privileged Tasks...
         Starting Wait until snapd is fully seeded...
[[0;32m  OK  [0m] Reached target Remote File Systems (Pre).
[[0;32m  OK  [0m] Reached target Remote File Systems.
         Starting LSB: daemon to balance interrupts for SMP systems...
         Starting Permit User Sessions...
         Starting LSB: automatic crash report generation...
         Starting LSB: Set the CPU Frequency Scaling governor to "ondemand"...
[[0;32m  OK  [0m] Started Virtualbox guest utils.
[[0;32m  OK  [0m] Started Wait until snapd is fully seeded.
[[0;32m  OK  [0m] Started Permit User Sessions.
[[0;32m  OK  [0m] Started Authenticate and Authorize Users to Run Privileged Tasks.
[[0;32m  OK  [0m] Started Accounts Service.
[[0;32m  OK  [0m] Created slice User Slice of vagrant.
[[0;32m  OK  [0m] Started Session 1 of user vagrant.
         Starting User Manager for UID 1000...
         Starting Hold until boot process finishes up...
         Starting Terminate Plymouth Boot Screen...
[[0;32m  OK  [0m] Started LSB: daemon to balance interrupts for SMP systems.
[[0;32m  OK  [0m] Started LSB: automatic crash report generation.
[[0;32m  OK  [0m] Started LSB: Set the CPU Frequency Scaling governor to "ondemand".
[[0;32m  OK  [0m] Started Hold until boot process finishes up.
[[0;32m  OK  [0m] Started Terminate Plymouth Boot Screen.
[[0;32m  OK  [0m] Started User Manager for UID 1000.
[[0;32m  OK  [0m] Started Getty on tty1.
[[0;32m  OK  [0m] Started Serial Getty on ttyS0.
[[0;32m  OK  [0m] Reached target Login Prompts.
         Starting Set console scheme...
[[0;32m  OK  [0m] Reached target Multi-User System.
[[0;32m  OK  [0m] Reached target Graphical Interface.
         Starting Update UTMP about System Runlevel Changes...
[[0;32m  OK  [0m] Started Set console scheme.
[[0;32m  OK  [0m] Started Update UTMP about System Runlevel Changes.
[   24.702180] cloud-init[1156]: Cloud-init v. 18.2 running 'modules:config' at Tue, 31 Jul 2018 01:37:10 +0000. Up 24.25 seconds.
[[0;32m  OK  [0m] Started Apply the settings specified in cloud-config.
         Starting Execute cloud user/final scripts...
[   25.648540] cloud-init[1364]: Cloud-init v. 18.2 running 'modules:final' at Tue, 31 Jul 2018 01:37:11 +0000. Up 25.39 seconds.
[   25.668608] cloud-init[1364]: Cloud-init v. 18.2 finished at Tue, 31 Jul 2018 01:37:11 +0000. Datasource DataSourceNoCloud [seed=/dev/sdb][dsmode=net].  Up 25.64 seconds
[[0;32m  OK  [0m] Started Execute cloud user/final scripts.
[[0;32m  OK  [0m] Reached target Cloud-init target.

Ubuntu 16.04.4 LTS ubuntu-xenial ttyS0

ubuntu-xenial login: 