[   0.000000] Initializing cgroup subsys cpuset
[    0.000000] Initializing cgroup subsys cpu
[    0.000000] Initializing cgroup subsy cpucct
[    0.000000] Linux version 4.4.0-130-generic (buildd@lgw01-amd64-039) (gcc version 5.4.0 20160609 (Ubuntu 5.4.0-6ubuntu1~16.04.9) ) #156-Ubuntu SMP Thu Jun 14 08:53:28 UTC 2018 (Ubuntu 4.4.0-130.156-generic 4.4.134)
[    0.000000] Command line: BOOT_IMAGE=/boot/vmlinuz-4.4.0-130-generic root=LABEL=cloudimg-rootfs ro console=tty1 console=ttyS0
[    0.000000] KERNEL supported cpus:
[    0.000000]   Intel GenuineIntel
[    0.000000]   AMD AuthenticAMD
[    0.000000]   Centaur CentaurHauls
[    0.000000] x86/fpu: xstate_offset[2]:  576, xstate_sizes[2]:  256
[    0.000000] x86/fpu: Supporting XSAVE feature 0x01: 'x87 floating point registers'
[    0.000000] x86/fpu: Supporting XSAVE feature 0x02: 'SSE registers'
[    0.000000] x86/fpu: Supporting XSAVE feature 0x04: 'AVX registers'
[    0.000000] x86/fpu: Enabled xstate features 0x7, context size is 832 bytes, using 'standard' format.
[    0.000000] x86/fpu: Using 'eager' FPU context switches.
[    0.000000] e820: BIOS-provided physical RAM map:
[    0.000000] BIOS-e820: [mem 0x0000000000000000-0x000000000009fbff] usable
[    0.000000] BIOS-e820: [mem 0x000000000009fc00-0x000000000009ffff] reserved
[    0.000000] BIOS-e820: [mem 0x00000000000f0000-0x00000000000fffff] reserved
[    0.000000] BIOS-e820: [mem 0x0000000000100000-0x000000003ffeffff] usable
[    0.000000] BIOS-e820: [mem 0x000000003fff0000-0x000000003fffffff] ACPI data
[    0.000000] BIOS-e820: [mem 0x00000000fec00000-0x00000000fec00fff] reserved
[    0.000000] BIOS-e820: [mem 0x00000000fee00000-0x0000000fe00fff] reserved
[    0.000000] BIOS-e820: [mem 0x00000000fffc0000-0x00000000ffffffff] reserved
[    0.000000]  NX (Execute Disable) protection: active
[    0.000000] SMBIOS 2.5 present.
[    0.000000] Hypervisor detected: KVM
[    0.000000] e820: last_pfn = 0x3fff0 max_arch_pfn = 0x400000000
[    0.000000] MTRR: Disabled
[    0.000000] x86/PAT: MTRRs disaled, skipping PAT initialization too.
[    0.000000] CPU MTRRs all blank - virtualized system.
[    0.000000] x86/PAT: Configuration [0-7]: WB  WT  UC- UC  WB  WT  UC- UC  
[    0.000000] found SMP MP-table at [mem 0x0009fff0-0x0009ffff] mapped at [ffff88000009fff0]
[    0.000000] Scanning 1 areas for low memory corruption
[    0.000000] RAMDISK: [mem 0x36aa4000-0x37549fff]
[    0.000000] ACPI: Early table checksum verification disabled
[    0.000000] ACPI: RSDP 0x00000000000E0000 000024 (v02 VBOX  )
[    0.000000] ACPI: XSDT 0x000000003FFF0030 00003C (v01 VBOX   VBOXXSDT 00000001 ASL  00000061)
[    0.000000] ACPI: FACP 0x000000003FFF00F0 0000F4 (v04 VBOX   VBOXFACP 00000001 ASL  00000061)
[    0.000000] ACPI: DSDT 0x000000003FFF0470 0021FF (v02 VBOX   VBOXBIOS 00000002 INTL 20100528)
[    0.000000] ACPI: FACS 0x000000003FFF0200 000040
[    0.000000] ACPI: FACS 0x000000003FFF0200 000040
[    0.000000] ACPI: APIC 0x000000003FFF0240 00005C (v02 VBOX   VBOXAPIC 00000001 ASL  00000061)
[    0.000000] ACPI: SSDT 0x000000003FFF02A0 0001CC (v01 VBOX   VBOXCPUT 00000002 INTL 20100528)
[    0.00000] No NUMA configuration found
[   0.000000] Faking a node at [mem 0x00000000000000-000000000ffeffff]
[    0.000000] NODE_DATA(0) allocated [mem 0x3ffeb000-0x3ffeffff]
[    0.00000] kvmclock: Usin msrs 4b64d0 and 4b64d00
[    0.000000] kvm-clock: cpu 0, msr 0:3ffe300, primary cpu clock
[    0.000000] kvm-clock: using sched offset of 3634916367 cycles
[    0.000000] clocksource: kvm-clock: mask: 0xffffffffffffffff max_cycles: 0x1cd42e4dffb, max_idle_ns: 881590591483 ns
[    0.000000] Zone ranges:
[    0.000000]   DMA      [mem 0x0000000000001000-0x0000000000ffffff]
[    0.000000]   DMA32    [mem 0x0000000001000000-0x000000003ffeffff]
[    0.000000]   Normal   empty
[    0.000000]   Device   empty
[    0.000000] Movable zone start for each node
[    0.000000] Early memory node ranges
[    0.000000]   node   0: [mem 0x0000000000001000-0x000000000009efff]
[    0.000000]   node   0: [mem 0x0000000000100000-0x000000003ffeffff]
[    0.000000] Initmem setup node 0 [mem 0x0000000000001000-0x000000003ffeffff]
[    0.000000] ACPI: PM-Timer IO Port: 0x4008
[    0.000000] IOAPIC[0]: apic_id 2, version 32, address 0xfec00000, GSI 0-23
[    0.000000] ACPI: INT_SRC_OVR (bus 0 bus_irq 0 global_irq 2 dfl dfl)
[    0.000000] ACPI: INT_SRCOVR (bus 0 bus_irq 9 global_irq 9 low level)
[    0.000000] Using ACPI MADT for SMP confiuration information
[    0.000000] smpboot: Allowing 2 CPU, 0 otplg CPUs
[    0.000000] PM: Registered nosave memory: [mem 0x00000000-0x00000fff]
[    0.000000] PM: Registered nosave memory: [mem 0x0009f000-0x0009ffff]
[    0.000000] PM: Registered nosavee memory: [mem 0x000a0000-0x000effff]
[    0.000000] PM: Registered nosave memory: [mem 0x000f0000-0x000fffff]
[    0.000000] e820: [mem 0x40000000-0xfebfffff] available for PCI devices
[    0.000000] Booting paravirtualized kernel on KVM
[    0.000000] clocksource: refined-jiffies: mask: 0xffffffff max_cycles: 0xffffffff, max_idle_ns: 7645519600211568 ns
[    0.000000] setup_percpu: NR_CPUS:512 nr_cpumask_bits:512 nr_cpu_ids:2 nr_node_ids:1
[    0.000000] PERCPU: Embedded 34 pages/cpu @ffff88003fc00000 s99544 r8192 d31528 u1048576
[    0.000000] PV qspinlock hash table entries: 256 (order: 0, 4096 bytes)
[    0.000000] Bult 1 zonelists in Node order, mobility grouping on.  Total pages: 257912
[    0.000000] Policy zone: DMA32
[    0.000000] Kernel command line: BOOT_IMAGE=/boot/vmlinuz-4.4.0-130-generic root=LABEL=cloudimg-rootfs ro console=tty1 console=ttyS0
[    0.000000] PID hash table entries: 4096 (order: 3, 32768 bytes)
[    0.000000] Memory: 1001612K/1048120K available (8546K kernel code, 13K rwdata, 400K rodata, 1516K init 1316K bss, 46508K reserved, 0K cma-reserved)
[    0.000000] SLUB: HWalign=64, Ordr=0-3, MnObjects=0, CPUs=2, Nodes=1
[    0.00000] Kenel/User page tables isolation: enabled
    0.000000] Hierarchical RCU implementation.
[    0.000000] 	Build-time adjustment of leaf fanout to 64.
[    0..000000] 	RCU restricting CPUs from NR_CPUS=512 to nr_cpu_ids=2.
[    0.000000] RCU: Adjusting geometry for rcu_fanout_leaf=64, nr_cpu_ids=2
[    0.000000] NR_IRQS:33024 nr_irqs:440 16
[    0.000000] Console: colour VGA+ 80x25
[    0.000000] console [tty1] enabled
[    0.000000] console [ttyS0] enabled
[    0.000000] tsc: Detected 1599.999 MHz processor
[    0.944128] Calibrating delay loop (skipped) preset value.. 3199.99 BogoMIPS (lpj=6399996)
[    0.946808] pid_max: default: 32768 minimum: 301
[    0.948427] ACPI: Core revision 20150930
[    0.950810] ACPI: 2 ACPI AML tables successfully acquired and loaded
[    0.952861] Security Framework initialized
[    0.954506] Yama: becoming mindful.
[    0.955877] AppArmor: AppArmor initialized
[    0.957267] Dentry cache hash table entries: 131072 (order: 8, 1048576 bytes)
[    0.961455] Inode-cache hash table entries: 65536 (order: 7, 524288 bytes)
[    0.982092] Mount-cache hash table entries: 2048 (order: 2, 16384 bytes)
[    0.987753] Mountpoint-cache hash table entries: 2048 (order: 2, 16384 bytes)
[    0.990723] Initializing cgroup subsys io
[    0.995559] Initializing cgroup subsys memory
[    0.997727] Initializing cgroup subsys devices
[    0.999690] Initializing cgroup subsys freezer
[    1.001684] Initializing cgroup subsys net_cls
[    1.003859] Initializing cgroup subsys perf_event
[    1.006201] Initializing cgroup subsys net_prio
[    1.008650] Initializing cgroup subsys hugetlb
[    1.010723] Initializing cgroup subsys pids
[    1.012632] CPU: Physical Processor ID: 0
[    1.014460] CPU: Processor Core ID: 0
[    1.017075] mce: CPU supports 0 MCE banks
[    1.018902] Last level iTLB entries: 4KB 64, 2MB 8, 4MB 8
[    1.021188] Last level dTLB entries: 4KB 64, 2MB 0, 4MB 0, 1GB 4
[    1.023712] Spectre V2 : Mitigation: Full generic retpoline
[    1.026282] Spectre V2 : Speculation control IBPB not-supported IBRS not-supported
[    1.035317] Speculative Store Bypass: Vulnerable
[    1.045478] Freeing SMP alternatives memory: 32K
[    1.068924] ftrace: allocating 32245 entries in 126 pages
[    1.159787] smpboot: APIC(0) Converting physical 0 to logical package 0
[    1.170959] smpboot: Max logical packages: 1
[    1.190402] x2apic enabled
[    1.195169] Switched APIC routing to physical x2apic.
[    1.200221] ..TIMER: vector=0x30 apic1=0 pin1=2 apic2=-1 pin2=-1
[    1.325457] smpboot: CPU0: Intel(R) Core(TM) i5-5250U CPU @ 1.60GHz (family: 0x6, model: 0x3d, stepping: 0x4)
[    1.339849] Performance Events: unsupported p6 CPU model 61 no PMU driver, software events only.
[    1.351286] KVM setup paravirtual spinlock
[    1.353781] x86: Booting SMP configuration:
[    1.357367] .... node  #0, CPUs:      #1
[    1.364244] kvm-clock: cpu 1, msr 0:3ffe3041, secondary cpu clock
[    1.367444] mce: CPU supports 0 MCE banks
[    1.370904] x86: Booted up 1 node, 2 CPUs
[    1.375190] smpboot: Total of 2 processors activated (6399.99 BogoMIPS)
[    1.382534] devtmpfs: initialized
[    1.388240] evm: security.selinux
[    1.390946] evm: security.SMACK64
[    1.392468] evm: security.SMACK64EXEC
[    1.404147] evm: security.SMACK64TRANSMUTE
[    1.406981] evm: security.SMACK64MMAP
[    1.412721] evm: security.ima
[    1.417624] evm: security.capability
[    1.420154] clocksource: jiffies: mask: 0xffffffff max_cycles: 0xffffffff, max_idle_ns: 7645041785100000 ns
[    1.425339] futex hash table entries: 512 (order: 3, 32768 bytes)
[    1.431811] pinctrl core: initialized pinctrl subsystem
[    1.437430] RTC time:  9:28:07, date: 07/31/18
[    1.443792] NET: Registered protocol family 16
[    1.458163] cpuidle: using governor ladder
[    1.478452] cpuidle: using governor menu
[    1.485949] PCCT header not found.
[    1.488980] ACPI: bus type PCI registered
[    1.492587] acpiphp: ACPI Hot Plug PCI Controller Driver version: 0.5
[    1.497901] PCI: Using configuration type 1 for base access
[    1.517399] ACPI: Added _OSI(Module Device)
[    1.521022] ACPI: Added _OSI(Processor Device)
[    1.525139] ACPI: Added _OSI(3.0 _SCP Extensions)
[    1.527029] ACPI: Added _OSI(Processor Aggregator Device)
[    1.531659] ACPI: Executed 1 blocks of module-level executable AML code
[    1.538020] ACPI: Interpreter enabled
[    1.540960] ACPI: (supports S0 S5)
[    1.542436] ACPI: Using IOAPIC for interrupt routing
[    1.548223] PCI: Using host bridge windows from ACPI; if necessary, use "pci=nocrs" and report a bug
[    1.561009] ACPI: PCI Root Bridge [PCI0] (domain 0000 [bus 00-ff])
[    1.565321] acpi PNP0A03:00: _OSC: OS supports [ASPM ClockPM Segments MSI]
[    1.567957] acpi PNP0A03:00: _OSC: not requesting OS control; OS requires [ExtendedConfig ASPM ClockPM MSI]
[    1.575477] acpi PNP0A03:00: fail to add MMCONFIG information, can't access extended PCI configuration space under this bridge.
[    1.582463] PCI host bridge to bus 0000:00
[    1.585678] pci_bus 0000:00: root bus resource [io  0x0000-0x0cf7 window]
[    1.588828] pci_bus 0000:00: root bus resource [io  0x0d00-0xffff window]
[    1.594299] pci_bus 0000:00: root bus resource [mem 0x000a0000-0x000bffff window]
[    1.597491] pci_bus 0000:00: root bus resource [mem 0x40000000-0xfdffffff window]
[    1.608376] pci_bus 0000:00: root bus resource [bus 00-ff]
[    1.617146] pci 0000:00:01.1: legacy IDE quirk: reg 0x10: [io  0x01f0-0x01f7]
[    1.620735] pci 0000:00:01.1: legacy IDE quirk: reg 0x14: [io  0x03f6]
[    1.628685] pci 0000:00:01.1: legacy IDE quirk: reg 0x18: [io  0x0170-0x0177]
[    1.645353] pci 0000:00:01.1: legacy IDE quirk: reg 0x1c: [io  0x0376]
[    1.675909] pci 0000:00:07.0: quirk: [io  0x4000-0x403f] claimed by PIIX4 ACPI
[    1.680523] pci 0000:00:07.0: quirk: [io  0x4100-0x410f] claimed by PIIX4 SMB
[    1.701330] ACPI: PCI Interrupt Link [LNKA] (IRQs 5 9 10 *11)
[    1.706286] ACPI: PCI Interrupt Link [LNKB] (IRQs 5 9 *10 11)
[    1.716423] ACPI: PCI Interrupt Link [LNKC] (IRQs 5 *9 10 11)
[    1.719926] ACPI: PCI Interrupt Link [LNKD] (IRQs 5 9 10 *11)
[    1.722440] ACPI: Enabled 2 GPEs in block 00 to 07
[    1.728967] vgaarb: setting as boot device: PCI:0000:00:02.0
[    1.734719] vgaarb: device added: PCI:0000:00:02.0,decodes=io+mem,owns=io+mem,locks=none
[    1.744161] vgaarb: loaded
[    1.748694] vgaarb: bridge control possible 0000:00:02.0
[    1.754637] SCSI subsystem initialized
[    1.761024] ACPI: bus type USB registered
[    1.764123] usbcore: registered new interface driver usbfs
[    1.768701] usbcore: registered new interface driver hub
[    1.771350] usbcore: registered new device driver usb
[    1.779359] PCI: Using ACPI for IRQ routing
[    1.784899] NetLabel: Initializing
[    1.791003] NetLabel:  domain hash size = 128
[    1.796766] NetLabel:  protocols = UNLABELED CIPSOv4
[    1.802660] NetLabel:  unlabeled traffic allowed by default
[    1.807208] amd_nb: Cannot enumerate AMD northbridges
[    1.813223] clocksource: Switched to clocksource kvm-clock
[    1.832774] AppArmor: AppArmor Filesystem Enabled
[    1.834817] pnp: PnP ACPI init
[    1.837820] pnp: PnP ACPI: found 3 devices
[    1855139] clcksource: acpi_pm: mask: 0xffffff max_cycles: 0xffffff, max_idle_ns: 2085701024 ns
[    1.911382] ET: Registered protocol family 2

[    1.939069] TCP established hash table entries: 8192 (order: 4, 65536 bytes)
[    1.943677 TCP bind hash table entries: 8192 (order: 5, 131072 bytes)
[    1.71280] TCP: Hash tables configured (established 8192 bind 8192)
[    2.000147]UDP hash table entries: 512 (order: 2, 16384 bytes)
[    2.029749] UDP-Lte hash table entries: 512 (order: 2, 16384 bytes)
[   .059049] NET: Registered protocol family 1
[    2.113890] pci 000:00:000: Limiting direct PCI/PCI transfers
[    2.171718] pci 0000:00:01.0: Activating ISA DMA hang workarounds
[    2.174839] Unpacking initramfs...

[    4.298577] Freeing initrd memory: 10904K
[    4.306518] RAPL PMU detected, API unit is 2^-32 Joules, 4 fixed counters 10737418240 ms ovfl timer
[    4.313144] hw unit of domain pp0-core 2^-0 Joules
[    4.315128] hw unit of domain package 2^-0 Joules
[    4.316963] hw unit of domain dram 2^-0 Joules
[    4.322933] hw unit of domain pp1-gpu 2^-0 Joules
[    4.334229] platform rtc_cmos: registered platform RTC device (no PNP device found)
[    4.341702] Scanning for low memory corruption every 60 seconds
[    4.344980] audit: initializing netlink subsys (disabled)
[    4.347117] audit: type=2000 audit(1533029293.579:1): initialized
[    4.350178] Initialise system trusted keyring
[    4.352575] HugeTLB registered 2 MB page size, pre-allocated 0 pages
[    4.358620] zbud: loaded
[    4.363453] VFS: Disk quotas dquot_6.6.0
[    4.365113] VFS: Dquot-cache hash table entries: 512 (order 0, 4096 bytes)
[    4.378878] squashfs: version 4.0 (2009/01/31) Phillip Lougher
[    4.400390] fuse init (API version 7.23)
[    4.414297] Key type big_key registered
[    4.415950] Allocating IMA MOK and blacklist keyrings.
[    4.421293] Key type asymmetric registered
[    4.424502] Asymmetric key parser 'x509' registered
[    4.426456] Block layer SCSI generic (bsg) driver version 0.4 loaded (major 249)
[    4.432272] io scheduler noop registered
[    4.434558] io scheduler deadline registered (default)
[    4.448215] io scheduler cfq registered
[    4.450370] pci_hotplug: PCI Hot Plug PCI Core version: 0.5
[    4.452770] pciehp: PCI Express Hot Plug Controller Driver version: 0.4
[    4.456232] ACPI: AC Adapter [AC] (off-line)
[    4.458281] input: Power Button as /devices/LNXSYSTM:00/LNXPWRBN:00/input/input0
[    4.461495] ACPI: Power Button [PWRF]
[    4.463278] input: Sleep Button as /devices/LNXSYSTM:00/LNXSLPBN:00/input/input1
[    4.467147] ACPI: Sleep Button [SLPF]
[    4.471063] ACPI: Battery Slot [BAT0] (battery present)
[    4.474970] GHES: HEST is not enabled!
[    4.476935] Serial: 8250/16550 driver, 32 ports, IRQ sharing enabled
[    4.509823] 00:02: ttyS0 at I/O 0x3f8 irq= 4base_baud = 115200) is a 16550A

[    4.648880] Linux agpgart interface v0.103
[    4.653361] loop: module loaded
[    4.655480] scsi host0: ata_piix
[    4.656944] scsi host1: ata_piix
[    4.659027] ata1: PATA max UDMA/33 cmd 0x1f0 ctl 0x3f6 bmdma 0xd000 irq 14
[    4.666069] ata2: PATA max UDMA/33 cmd 0x170 ctl 0x376 bmdma 0xd008 irq 15
[    4.672379] libphy: Fixed MDIO Bus: probed
[    4.674756] tun: Universal TUN/TAP device driver, 1.6
[    4.676986] tun: (C) 1999-2004 Max Krasnyansky <maxk@qualcomm.com>
[    4.686287] PPP generic driver version 2.4.2
[    4.688857] ehci_hcd: USB 2.0 'Enhanced' Host Controller (EHCI) Driver
[    4.702543] ehci-pci: EHCI PCI platform driver
[    4.714780] ehci-platform: EHCI generic platform driver
[    4.717043] ohci_hcd: USB 1.1 'Open' Host Controller (OHCI) Driver
[    4.719522] ohci-pci: OHCI PCI platform driver
[    4.727410] ohci-platform: OHCI generic platform driver
[    4.734071] uhci_hcd: USB Universal Host Controller Interface driver
[    4.742731] i8042: PNP: PS/2 Controller [PNP0303:PS2K,PNP0f03:PS2M] at 0x60,0x64 irq 1,12
[    4.746840] serio: i8042 KBD port at 0x60,0x64 irq 1
[    4.754661] serio: i8042 AUX port at 0x60,0x64 irq 12
[    4.759377] mousedev: PS/2 mouse device common for all mice
[    4.762153] input: AT Translated Set 2 keyboard as /devices/platform/i8042/serio0/input/input2
[    4.769778] rtc_cmos rtc_cmos: rtc core: registered rtc_cmos as rtc0
[    4.769878] rtc_cmos rtc_cmos: alarms up to one day, 114 bytes nvram
[    4.769890] i2c /dev entries driver
[    4.769973] device-mapper: uevent: version 1.0.3
[    4.770070] device-mapper: ioctl: 4.34.0-ioctl (2015-10-28) initialised: dm-devel@redhat.com
[    4.770094] ledtrig-cpu: registered to indicate activity on CPUs
[    4.772518] NET: Registered protocol family 10
[    4.772937] NET: Registered protocol family 17
[    4.772951] Key type dns_resolver registered
[    4.773246] registered taskstats version 1
[    4.773269] Loading compiled-in X.509 certificates
[    4.774057] Loaded X.509 cert 'Build time autogenerated kernel key: b3e0fe4bcd6378c38a2c0a4648abbc1fa5043a22'
[    4.774079] zswap: loaded using pool lzo/zbud
[    4.775722] Key type trusted registered
[    4.778683] Key type encrypted registered
[    4.778691] AppArmor: AppArmor sha1 policy hashing enabled
[    4.778695] ima: No TPM chip found, activating TPM-bypass!
[    4.778699] ima: Allocated hash algorithm: sha1
[    4.778713] evm: HMAC attrs: 0x1
[    4.779225]   Magic number: 10:216:476
[    4.780828] rtc_cmos rtc_cmos: setting system clock to 2018-07-31 09:28:10 UTC (1533029290)
[    4.781029] BIOS EDD facility v0.16 2004-Jun-25, 0 devices found
[    4.781030] EDD information not available.
[    4.879189] Freeing unused kernel memory: 1516K
[    4.886150] Write protecting the kernel read-only data: 14336k
[    4.894364] Freeing unused kernel memory: 1680K
[    4.900051] Freeing unused kernel memory: 96K
Loading, please wait...
starting version 229
[    4.924258] random: systemd-udevd: uninitialized urandom read (16 bytes read, 5 bits of entropy available)
[    4.925076] random: udevadm: uninitialized urandom read (16 bytes read, 5 bits of entropy available)
[    4.925104] random: udevadm: uninitialized urandom read (16 bytes read, 5 bits of entropy available)
[    4.934608] random: udevadm: uninitialized urandom read (16 bytes read, 5 bits of entropy available)
[    4.934680] random: udevadm: uninitialized urandom read (16 bytes read, 5 bits of entropy available)
[    4.934883] random: udevadm: uninitialized urandom read (16 bytes read, 5 bits of entropy available)
[    4.934939] random: udevadm: uninitialized urandom read (16 bytes read, 5 bits of entropy available)
[    4.934990] random: udevadm: uninitialized urandom read (16 bytes read, 5 bits of entropy available)
[    4.935044] random: udevadm: uninitialized urandom read (16 bytes read, 5 bits of entropy available)
[    4.935094] random: udevadm: uninitialized urandom read (16 bytes read, 5 bits of entropy available)
[    5.044679] Fusion MPT base driver 3.04.20
[    5.047204] Copyright (c) 1999-2008 LSI Corporation
[    5.059719] e1000: Intel(R) PRO/1000 Network Driver - version 7.3.21-k8-NAPI
[    5.064407] e1000: Copyright (c) 1999-2006 Intel Corporation.
[    5.086908] AVX2 version of gcm_enc/dec engaged.
[    5.089218] AES CTR mode by8 optimization enabled
[    5.091491] Fusion MPT SPI Host driver 3.04.20
[    5.274587] input: ImExPS/2 Generic Explorer Mouse as /devices/platform/i8042/serio1/input/input4
[    5.333395] tsc: Refined TSC clocksource calibration: 1600.168 MHz
[    5.335997] clocksource: tsc: mask: 0xffffffffffffffff max_cycles: 0x1710c3af14f, max_idle_ns: 440795243832 ns
[    5.550326] e1000 0000:00:03.0 eth0: (PCI:33MHz:32-bit) 02:c5:fa:e6:4f:6d
[    5.553608] e1000 0000:00:03.0 eth0: Intel(R) PRO/1000 Network Connection
[    5.557835] mptbase: ioc0: Initiating bringup
[    5.644079] ioc0: LSI53C1030 A0: Capabilities={Initiator}
[    6.408355] scsi host2: ioc0: LSI53C1030 A0, FwRev=00000000h, Ports=1, MaxQ=256, IRQ=20
[    6.544773] scsi 2:0:0:0: Direct-Access     VBOX     HARDDISK         1.0  PQ: 0 ANSI: 5
[    7.070327] scsi target2:0:0: Beginning Domain Validation
[    7.081335] scsi target2:0:0: Domain Validation skipping write tests
[    7.086693] scsi target2:0:0: Ending Domain Validation
[    7.105891] scsi target2:0:0: asynchronous
[    7.113546] scsi 2:0:1:0: Direct-Access     VBOX     HARDDISK         1.0  PQ: 0 ANSI: 5
[    7.117560] scsi target2:0:1: Beginning Domain Validation
[    7.122092] scsi target2:0:1: Domain Validation skipping write tests
[    7.124830] scsi target2:0:1: Ending Domain Validation
[    7.127591] scsi target2:0:1: asynchronous
[    7.146218] sd 2:0:0:0: Attached scsi generic sg0 type 0
[    7.148896] sd 2:0:0:0: [sda] 20971520 512-byte logical blocks: (10.7 GB/10.0 GiB)
[    7.153747] sd 2:0:1:0: [sdb] 20480 512-byte logical blocks: (10.5 MB/10.0 MiB)
[    7.164626] sd 2:0:1:0: Attached scsi generic sg1 type 0
[    7.166931] sd 2:0:0:0: [sda] Write Protect is off
[    7.169534] sd 2:0:0:0: [sda] Incomplete mode parameter data
[    7.171635] sd 2:0:0:0: [sda] Assuming drive cache: write through
[    7.175537] sd 2:0:1:0: [sdb] Write Protect is off
[    7.178083] sd 2:0:1:0: [sdb] Incomplete mode parameter data
[    7.180233] sd 2:0:1:0: [sdb] Assuming drive cache: write through
[    7.186216]  sda: sda1
[    7.188607] sd 2:0:0:0: [sda] Attached SCSI disk
[    7.191640] sd 2:0:1:0: [sdb] Attached SCSI disk
[    7.530965] e1000 0000:00:08.0 eth1: (PCI:33MHz:32-bit) 08:00:27:87:05:ed
[    7.546575] e1000 0000:00:08.0 eth1: Intel(R) PRO/1000 Network Connection
[    7.556443] e1000 0000:00:03.0 enp0s3: renamed from eth0
[    7.574779] e1000 0000:00:08.0 enp0s8: renamed from eth1
Begin: Loading essential drivers ... [    8.961770] md: linear personality registered for level -1
[    8.979368] md: multipath personality registered for level -4
[    8.987975] md: raid0 personality registered for level 0
[    8.998689] md: raid1 personality registered for level 1
[    9.073402] raid6: sse2x1   gen()  5995 MB/s
[    9.145578] raid6: sse2x1   xor()  2375 MB/s
[    9.217325] raid6: sse2x2   gen()  8301 MB/s
[    9.293559] raid6: sse2x2   xor()  6458 MB/s
[    9.367463] raid6: sse2x4   gen() 11469 MB/s
[    9.433319] raid6: sse2x4   xor()  7626 MB/s
[    9.501423] raid6: avx2x1   gen() 15437 MB/s
[    9.570872] raid6: avx2x2   gen() 17681 MB/s
[    9.650834] raid6: avx2x4   gen() 19858 MB/s
[    9.654907] raid6: using algorithm avx2x4 gen() 19858 MB/s
[    9.662171] raid6: using avx2x2 recovery algorithm
[    9.670208] xor: automatically using best checksumming function:
[    9.709322]    avx       : 19678.000 MB/sec
[    9.713056] async_tx: api initialized (async)
[    9.724224] md: raid6 personality registered for level 6
[    9.735586] md: raid5 personality registered for level 5
[    9.737884] md: raid4 personality registered for level 4
[    9.749559] md: raid10 personality registered for level 10
done.
Begin: Running /scripts/init-premount ... done.
Begin: Mounting root file system ... Begin: Running /scripts/local-top ... done.
Begin: Running /scripts/local-premount ... [    9.796446] Btrfs loaded
Scanning for Btrfs filesystems
done.
Warning: fsck not present, so skipping root file[    9.886938] EXT4-fs (sda1): mounted filesystem with ordered data mode. Opts: (null)
 system
done.
Begin: Running /scripts/local-bottom ... done.
Begin: Running /scripts/init-bottom ... done.
[   10.032045] systemd[1]: systemd 229 running in system mode. (+PAM +AUDIT +SELINUX +IMA +APPARMOR +SMACK +SYSVINIT +UTMP +LIBCRYPTSETUP +GCRYPT +GNUTLS +ACL +XZ -LZ4 +SECCOMP +BLKID +ELFUTILS +KMOD -IDN)
[   10.041644] systemd[1]: Detected virtualization oracle.
[   10.043771] systemd[1]: Detected architecture x86-64.

Welcome to [1mUbuntu 16.04.4 LTS[0m!

[   10.053122] systemd[1]: Set hostname to <ubuntu>.
[   10.058874] systemd[1]: Initializing machine ID from random generator.
[   10.061380] systemd[1]: Installed transient /etc/machine-id file.
[   10.279180] systemd[1]: Created slice System Slice.
[[0;32m  OK  [0m] Created slice System Slice.
[   10.306477] systemd[1]: Listening on Device-mapper event daemon FIFOs.
[[0;32m  OK  [0m] Listening on Device-mapper event daemon FIFOs.
[   10.318170] systemd[1]: Listening on Journal Socket (/dev/log).
[[0;32m  OK  [0m] Listening on Journal Socket (/dev/log).
[   10.332267] systemd[1]: Started Trigger resolvconf update for networkd DNS.
[[0;32m  OK  [0m] Started Trigger resolvconf update for networkd DNS.
[   10.351040] systemd[1]: Listening on Syslog Socket.
[[0;32m  OK  [0m] Listening on Syslog Socket.
[   10.373294] systemd[1]: Listening on LVM2 metadata daemon socket.
[[0;32m  OK  [0m] Listening on LVM2 metadata daemon socket.
[   10.379935] systemd[1]: Listening on udev Control Socket.
[[0;32m  OK  [0m] Listening on udev Control Socket.
[   10.393716] systemd[1]: Listening on LVM2 poll daemon socket.
[[0;32m  OK  [0m] Listening on LVM2 poll daemon socket.
[   10.409360] systemd[1]: Listening on /dev/initctl Compatibility Named Pipe.
[[0;32m  OK  [0m] Listening on /dev/initctl Compatibility Named Pipe.
[   10.415574] systemd[1]: Created slice system-serial\x2dgetty.slice.
[[0;32m  OK  [0m] Created slice system-serial\x2dgetty.slice.
[   10.428473] systemd[1]: Reached target Encrypted Volumes.
[[0;32m  OK  [0m] Reached target Encrypted Volumes.
[   10.446334] systemd[1]: Listening on Journal Audit Socket.
[[0;32m  OK  [0m] Listening on Journal Audit Socket.
[   10.476090] systemd[1]: Reached target User and Group Name Lookups.
[[0;32m  OK  [0m] Reached target User and Group Name Lookups.
[   10.509112] systemd[1]: Reached target Swap.
[[0;32m  OK  [0m] Reached target Swap.
[   10.534342] systemd[1]: Listening on udev Kernel Socket.
[[0;32m  OK  [0m] Listening on udev Kernel Socket.
[   10.554332] systemd[1]: Reached target System Time Synchronized.
[[0;32m  OK  [0m] Reached target System Time Synchronized.
[   10.581895] systemd[1]: Listening on Journal Socket.
[[0;32m  OK  [0m] Listening on Journal Socket.
[   10.626258] systemd[1]: Starting Uncomplicated firewall...
         Starting Uncomplicated firewall...
[   10.637114] systemd[1]: Starting Monitoring of LVM2 mirrors, snapshots etc. using dmeventd or progress polling...
         Starting Monitoring of LVM2 mirrors... dmeventd or progress polling...
[   10.659747] systemd[1]: Starting Set console keymap...
         Starting Set console keymap...
[   10.669902] systemd[1]: Mounting Debug File System...
         Mounting Debug File System...
[   10.679519] systemd[1]: Starting Nameserver information manager...
         Starting Nameserver information manager...
[   10.686549] systemd[1]: Starting Load Kernel Modules...
         Startin[   10.695954] Loading iSCSI transport class v2.0-870.
g Load Kernel Modules...
[   10.715260] iscsi: registered transport (tcp)
[   10.725685] systemd[1]: Starting Journal Service...
         Starting Journal Service...
[   10.739580] systemd[1]: Starting Remount Root and Kernel File Systems...
         Starting Remount Root and Kernel File Systems...
[   10.755356] systemd[1]: Mounting Huge Pages File System...
[   10.757312] EXT4-fs (sda1): re-mounted. Opts: (null)
         Mounting Huge Pages File System...
[   10.779841] systemd[1]: Mounting POSIX Message Queue File System...
         Mounting POSIX Message Queue File System...
[   10.785713] iscsi: registered transport (iser)
[   10.787959] systemd[1]: Set up automount Arbitrary Executable File Formats File System Automount Point.
[[0;32m  OK  [0m] Set up automount Arbitrary Executab...ats File System Automount Point.
[   10.835687] systemd[1]: Created slice User an Session Slice.

[[0;32m  OK  [0m] Created slice User and Session Slice.
[   1.894582] systemd1]: Reached target Slices.

[[0;32m  OK  [0m] Reached target Slices.
[   10.958565] systemd[1]: Started Forward Password Requests to Wall Directory Watch.
[[0;32m  OK  [0m] Started Forward Password Requests to Wall Directory Watch.
[   10.998165] systemd[1]: Starting Create list of required static device nodes for the current kernel...
[   11.007265] random: nonblocking pool is initialized
         Starting Create list of required st... nodes for the current kernel...
[   11.044410] systemd[1]: Mounted POSIX Message Queue File System.
[[0;32m  OK  [0m] Mounted POSIX Message Queue File System.
[   11.066300] systemd[1]: Mounted Huge Pages File System.
[[0;32m  OK  [0m] Mounted Huge Pages File System.
[   11.086752] systemd[1]: Mounted Debug File System.
[[0;32m  OK  [0m] Mounted Debug File System.
[   11.106479] systemd[1]: Started Journal Service.
[[0;32m  OK  [0m] Started Journal Service.
[[0;32m  OK  [0m] Started Uncomplicated firewall.
[[0;32m  OK  [0m] Started Set console keymap.
[[0;32m  OK  [0m] Started Load Kernel Modules.
[[0;32m  OK  [0m] Started Remount Root and Kernel File Systems.
[[0;32m  OK  [0m] Started Create list of required sta...ce nodes for the current kernel.
[[0;32m  OK  [0m] Started Nameserver information manager.
[[0;32m  OK  [0m] Started LVM2 metadata daemon.
         Starting Create Static Device Nodes in /dev...
         Starting udev Coldplug all Devices...
         Starting Load/Save Random Seed...
         Mounting FUSE Control File System...
         Starting Apply Kernel Variables...
         Starting Flush Journal to Persistent Storage...
[[0;32m  OK  [0m] Mounted FUSE Control File System.
[[0;32m  OK  [0m] Started Create Static Device Nodes in /dev.
[[0;32m  OK  [0m] Started Load/Save Random Seed.
[[0;32m  OK  [0m] Started Apply Kernel Variables.
[[0;32m  OK  [0m] Started udev Coldplug all Devices.
[[0;32m  OK  [0m] Started Flush Journal to Persistent Storage.
         Starting udev Kernel Device Manager...
[[0;32m  OK  [0m] Started udev Kernel Device Manager.
[[0;32m  OK  [0m] Started Dispatch Password Requests to Console Directory Watch.
[[0;32m  OK  [0m] Started Monitoring of LVM2 mirrors,...ng dmeventd or progress polling.
[[0;32m  OK  [0m] Reached target Local File Systems (Pre).
[[0;32m  OK  [0m] Reached target Local File Systems.
         Starting LSB: AppArmor initialization...
         Starting Create Volatile Files and Directories...
         Starting Initial cloud-init job (pre-networking)...
         Starting Tell Plymouth To Write Out Runtime Data...
         Starting Set console font and keymap...
         Starting Commit a transient machine-id on disk...
[[0;32m  OK  [0m] Started Create Volatile Files and Directories.
[[0;32m  OK  [0m] Started Tell Plymouth To Write Out Runtime Data.
[[0;32m  OK  [0m] Started Commit a transient machine-id on disk.
         Starting Update UTMP about System Boot/Shutdown...
[[0;32m  OK  [0m] Started Update UTMP about System Boot/Shutdown.
[[0;32m  OK  [0m] Found device /dev/ttyS0.
[[0;32m  OK  [0m] Listening on Load/Save RF Kill Switch Status /dev/rfkill Watch.
[[0;32m  OK  [0m] Started Set console font and keymap.
[   12.339533] [cloud-init[0;32m  OK  [0m[492]: ] Cloud-init v. 18.2 running 'init-local' at Tue, 31 Jul 2018 09:28:18 +0000. Up 11.84 seconds.Started LSB: AppArmor initialization.

[[0;32m  OK  [0m] Started Initial cloud-init job (pre-networking).
[[0;32m  OK  [0m] Reached target Network (Pre).
         Starting Raise network interfaces...
[[0;32m  OK  [0m] Created slice system-getty.slice.
[[0;32m  OK  [0m] Started Raise network interfaces.
         Starting Initial cloud-init job (metadata service crawler)...
[[0;32m  OK  [0m] Reached target Network.
[   14.221308] cloud-init[965]: Cloud-init v. 18.2 running 'init' at Tue, 31 Jul 2018 09:28:20 +0000. Up 13.46 seconds.
[   14.226452] cloud-init[965]: ci-info: ++++++++++++++++++++++++++++++++++++++Net device info++++++++++++++++++++++++++++++++++++++
[   14.246316] cloud-init[965]: ci-info: +--------+-------+----------------------------+---------------+-------+-------------------+
[   14.272513] cloud-init[965]: ci-info: | Device |   Up  |          Address           |      Mask     | Scope |     Hw-Address    |
[   14.309208] cloud-init[965]: ci-info: +--------+-------+----------------------------+---------------+-------+-------------------+
[   14.316326] [cloud-init[0;32m  OK  [0m[965]: ] ci-info: | enp0s3 |  True |         10.0.2.15          | 255.255.255.0 |   .   | 02:c5:fa:e6:4f:6d |Started Initial cloud-init job (metadata service crawler).

[   14.317235] cloud-init[[0;32m  OK  [0m] Reached target Network is Online.
[965]: ci-info: | enp0s3 |  True | fe80::c5:faff:fee6:4f6d/64 |       .       |  link | 02:c5:fa:e6:4f:6d |
         Starting iSCSI initiator daemon (iscsid)...
[   14.411800] [[0;32m  OK  [0m] Reached target Cloud-config availability.
cloud-init[965]: ci-info: | enp0s8 | False |             .              |       .       |   .   | 08:00:27:87:05:ed |
[[0;32m  OK  [0m] Reached target System Initialization.
         Starting Socket activation for snappy daemon.
[   14.415391] cloud-init[965]: ci-info: |   lo   |  True |         127.0.0.1          |   255.0.0.0   |   .   |         .         |
[   14.445316] [[0;32m  OK  [0m] Started ACPI Events Check.
[[0;32m  OK  [0m] Reached target Paths.
[[0;32m  OK  [0m] Started Daily Cleanup of Temporary Directories.
[[0;32m  OK  [0m] Listening on D-Bus System Message Bus Socket.
[[0;32m  OK  [0m] Listening on UUID daemon activation socket.
[[0;32m  OK  [0m] Listening on ACPID Listen Socket.
cloud-init[965]: ci-info: |   lo   |  True |          ::1/128           |       .       |  host |         .         |
         Starting LXD - unix socket.
[[0;32m  OK  [0m] Started Daily apt download activities.
[[0;32m  OK  [0m] Started Daily apt upgrade and clean activities.
[   14.469776] cloud-init[965]: ci-info: +--------+-------+----------------------------+---------------+-------+-------------------+
[[0;32m  OK  [0m] Reached target Timers.
[   14.540436] cloud-init[965]: ci-info: +++++++++++++++++++++++++++Route IPv4 info++++++++++++++++++++++++++++
[   14.549957] cloud-init[965]: ci-info: +-------+-------------+----------+---------------+-----------+-------+
[   14.554275] cloud-init[965]: ci-info: | Route | Destination | Gateway  |    Genmask    | Interface | Flags |
[   14.567809] [[0;32m  OK  [0m] Listening on Socket activation for snappy daemon.
[[0;32m  OK  [0mcloud-init] [965]: Listening on LXD - unix socket.ci-info: +-------+-------------+----------+---------------+-----------+-------+

[   14.597261] [[0;32m  OK  [0m] Started iSCSI initiator daemon (iscsid).
cloud-init[965]: ci-info: |   0   |   0.0.0.0   | 10.0.2.2 |    0.0.0.0    |   enp0s3  |   UG  |
[   14.625199]          Starting Login to default iSCSI targets...
cloud-init[965]: ci-info: |   1   |   10.0.2.0  | 0.0.0.0  | 255.255.255.0 |   enp0s3  |   U   |
[[0;32m  OK  [0m] Reached target Sockets.
[[0;32m  OK  [0m] Reached target Basic System.
[   14.627630] cloud-init[965]: ci-info: +-------+-------------+----------+---------------+-----------+-------+
[   14.696454]          Starting /etc/rc.local Compatibility...
cloud-init[965]: Generating public/private rsa key pair.
[   14.717732] cloud-init[[0;32m  OK  [0m] Started ACPI event daemon.
[965]: Your identification has been saved in /etc/ssh/ssh_host_rsa_key.
         Starting Pollinate to seed the pseudo random number generator...
[[0;32m  OK  [0m] Started Deferred execution scheduler.
[   14.739600] cloud-init[965]: Your public key has been saved in /etc/ssh/ssh_host_rsa_key.pub.
[   14.803569] cloud-init[965]: The key fingerprint is:
         Starting System Logging Service...
[   14.805488] cloud-init[965]: SHA256:7D3vD9UYATxHjkyejLuYpAhNPlrF25dBSa6+b6sOnRo root@ubuntu-xenial
[   14.912951] cloud-init[965]: The key's randomart image is:
[[0;32m  OK  [0m] Started D-Bus System Message Bus.
[   14.914906] cloud-init[965]: +---[RSA 2048]----+
[   15.033094]          cloud-initStarting Apply the settings specified in cloud-config...[965]: 
|         .ooooo  |
         Starting Login Service...
[   15.096158] cloud-init[965]: |     .   o.*o+.. |
[   15.101671] cloud-init[965]: |    . o   + *oo  |
[   15.107215] cloud-init[965]: |   + . + . +   + |
         Starting Virtualbox guest utils...
[[0;32m  OK  [0m] Started FUSE filesystem for LXC.
[[0;32m  OK  [0m] Started Unattended Upgrades Shutdown.
         Starting LXD - container startup/shutdown...
         Starting LSB: Record successful boot for GRUB...
[   15.111799] cloud-init[965]: |  . = . S +   o .|
         Starting LSB: MD monitoring daemon...
[   15.143221] cloud-init[965]: |   + o * * . .   |
[   15.161232] cloud-init[965]: |  . . E B + .    |
[   15.166497] cloud-init[965]: |       + ..o .   |
[   15.169456] cloud-init[965]: |      ..++ooo..  |
[   15.204772] cloud-init[965]: +----[SHA256]-----+
[[0;32m  OK  [0m] Started Regular background program processing daemon.
[   15.207432] cloud-init[965]: Generating public/private dsa key pair.
         Starting Accounts Service...
[   15.274150] cloud-init[965]: Your identification has been saved in /etc/ssh/ssh_host_dsa_key.
         Starting Snappy daemon...
[   15.319764] cloud-init[965]: Your public key has been saved in /etc/ssh/ssh_host_dsa_key.pub.
[   15.336666] [[0;32m  OK  [0m] Started System Logging Service.
cloud-init[965]: The key fingerprint is:
[   15.357537] [cloud-init[0;32m  OK  [0m[965]: ] SHA256:A2OXABtAsIYK7fgyIs297e7HakUGQKUxaBA9F8lO/sQ root@ubuntu-xenialStarted /etc/rc.local Compatibility.

[[0;32m  OK  [0m] Started Pollinate to seed the pseudo random number generator.
[[0;32m  OK  [0m] Started LXD - container startup/shutdown.
[   15.405677] cloud-init[965]: The key's randomart image is:
[   15.440996] cloud-init[965]: +---[DSA 1024]----+
[   15.453144] cloud-init[965]: |+*o=O*o          |
[   15.456508] cloud-init[965]: |.o= =*.. .       |
[   15.462949] cloud-init[965]: |+o.*o.+.o        |
[   15.467772] cloud-init[965]: |+o  o.E+o        |
[   15.476058] cloud-init[965]: |o .  o oS        |
[   15.482317] cloud-init[965]: | + .  . ..       |
[   15.492814] cloud-init[965]: |= + .  o         |
[   15.504461] cloud-init[965]: |oo   o. o        |
[   15.529017] cloud-init[965]: |    .=*o         |
[   15.543704] cloud-init[965]: +----[SHA256]-----+
[   15.546585] cloud-init[965]: Generating public/private ecdsa key pair.
[[0;32m  OK  [0m] Started Login to default iSCSI targets.
[[0;32m  OK  [0m] Started Snappy daemon.
[   15.558269] cloud-init[965]: Your identification has been saved in /etc/ssh/ssh_host_ecdsa_key.
[   15.592692] cloud-init[965]: Your public key has been saved in /etc/ssh/ssh_host_ecdsa_key.pub.
[   15.600465] cloud-init[965]: The key fingerprint is:
[   15.604613] cloud-init[965]: SHA256:Z1qD6D4s4UyW1uOVQ9FKNgGmCXOr8QGNuLMp0c4UBhw root@ubuntu-xenial
[   15.627533] cloud-init[965]: The key's randomart image is:
[   15.637184] cloud-init[965]: +---[ECDSA 256]---+
[   15.641872] cloud-init[965]: |oE=o. o..o       |
[   15.648568] cloud-init[965]: |..+=.=  = .      |
[[0;32m  OK  [0m] Started Login Service.
[[0;32m  OK  [0m] Started LSB: Record successful boot for GRUB.
[[0;32m  OK  [0m] Started LSB: MD monitoring daemon.
[   15.669429] cloud-init[965]: | +..=  o +       |
[   15.702286]          Starting Authenticate and Authorize Users to Run Privileged Tasks...
         Starting Wait until snapd is fully seeded...
[[0;32m  OK  [0m] Reached target Remote File Systems (Pre).
[[0;32m  OK  [0m] Reached target Remote File Systems.
         Starting LSB: automatic crash report generation...
         Starting LSB: Set the CPU Frequency Scaling governor to "ondemand"...
         Starting LSB: daemon to balance interrupts for SMP systems...
cloud-init[965]: |+ o+ . .o.       |
[   15.753824]          Starting Permit User Sessions...
cloud-init[965]: | O. .o..S.=      |
[   15.761315] cloud-init         Starting OpenBSD Secure Shell server...
[[0;32m  OK  [0m] Started Permit User Sessions.
[965]: |+ o *.o += .     |
[   15.782775] [[0;32m  OK  [0m] Started Virtualbox guest utils.
cloud-init[965]: |.  * +.o..       |
[   15.824971] [[0;32m  OK  [0m] Started OpenBSD Secure Shell server.
cloud-init[965]: |    +.+          |[[0;32m  OK  [0m] Started Authenticate and Authorize Users to Run Privileged Tasks.

[   15.841251] [[0;32m  OK  [0m] Started Accounts Service.
cloud-init[965]: |     ...         |
[   15.852826] cloud-init[965]: +----[SHA256]-----+
[   15.861995] cloud-init[965]: Generating public/private ed25519 key pair.
         Starting Terminate Plymouth Boot Screen...
[   15.875837] cloud-init[965]:          Starting Hold until boot process finishes up...
Your identification has been saved in /etc/ssh/ssh_host_ed25519_key.[[0;32m  OK  [0m] Started Terminate Plymouth Boot Screen.
[[0;32m  OK  [0m] Started Hold until boot process finishes up.

[   15.897417] cloud-init[965]: Your public key has been saved in /etc/ssh/ssh_host_ed25519_key.pub.
[   15.924269] cloud-init[965]: The key fingerprint is:
[   15.928490] cloud-init[965]: SHA256:4lGpPQVNeD7SE9DYz1cSV/mc1F2/NO0ULMZlkqs3LXs root@ubuntu-xenial
         Starting Set console scheme...
[   15.941077] cloud-init[965]: The key's randomart image is:
[   15.948706] cloud-init[965]: +--[ED25519 256]--+
[[0;32m  OK  [0m] Started Serial Getty on ttyS0.
[   15.982467] cloud-init[965]: |        oO. ..==X|
[   15.999663] cloud-init[965]: |        oo*  =+=B|
[   16.015529] cloud-init[965]: |        o+.+. +**|
[   16.032493] cloud-init[965]: |       +..= o.o+=|
[   16.033042] cloud-init[965]: |      + S. o.....|
[   16.034039] cloud-init[965]: |     . o . . + . |
[   16.034482] cloud-init[965]: |      .     . +  |
[   16.034938] cloud-init[965]: |             . E |
[[0;32m  OK  [0m] Started Getty on tty1.
[[0;32m  OK  [0m] Reached target Login Prompts.
[[0;32m  OK  [0m] Started LSB: automatic crash report generation.
[[0;32m  OK  [0m] Started LSB: Set the CPU Frequency Scaling governor to "ondemand".
[[0;32m  OK  [0m] Started LSB: daemon to balance interrupts for SMP systems.
[[0;32m  OK  [0m] Started Set console scheme.
[   16.036834] cloud-init[965]: |              .  |
[   16.200587] cloud-init[965]: +----[SHA256]-----+
[   16.317086] cloud-init[1116]: Generating locales (this might take a while)...
[[0;32m  OK  [0m] Started Wait until snapd is fully seeded.
[[0;32m  OK  [0m] Reached target Multi-User System.
[[0;32m  OK  [0m] Reached target Graphical Interface.
         Starting Update UTMP about System Runlevel Changes...
[[0;32m  OK  [0m] Started Update UTMP about System Runlevel Changes.
[   17.345939] cloud-init[1116]:   en_US.UTF-8... done
[   17.356680] cloud-init[1116]: Generation complete.
[   17.695408] cloud-init[1116]: Cloud-init v. 18.2 running 'modules:config' at Tue, 31 Jul 2018 09:28:23 +0000. Up 16.10 seconds.
[[0;32m  OK  [0m] Started Apply the settings specified in cloud-config.
         Starting Execute cloud user/final scripts...
ci-info: no authorized ssh keys fingerprints found for user ubuntu.
<14>Jul 31 09:28:25 ec2: 
<14>Jul 31 09:28:25 ec2: #############################################################
<14>Jul 31 09:28:25 ec2: -----BEGIN SSH HOST KEY FINGERPRINTS-----
<14>Jul 31 09:28:25 ec2: 1024 SHA256:A2OXABtAsIYK7fgyIs297e7HakUGQKUxaBA9F8lO/sQ root@ubuntu-xenial (DSA)
<14>Jul 31 09:28:25 ec2: 256 SHA256:Z1qD6D4s4UyW1uOVQ9FKNgGmCXOr8QGNuLMp0c4UBhw root@ubuntu-xenial (ECDSA)
<14>Jul 31 09:28:25 ec2: 256 SHA256:4lGpPQVNeD7SE9DYz1cSV/mc1F2/NO0ULMZlkqs3LXs root@ubuntu-xenial (ED25519)
<14>Jul 31 09:28:25 ec2: 2048 SHA256:7D3vD9UYATxHjkyejLuYpAhNPlrF25dBSa6+b6sOnRo root@ubuntu-xenial (RSA)
<14>Jul 31 09:28:25 ec2: -----END SSH HOST KEY FINGERPRINTS-----
<14>Jul 31 09:28:25 ec2: #############################################################
-----BEGIN SSH HOST KEY KEYS-----
ecdsa-sha2-nistp256 AAAAE2VjZHNhLXNoYTItbmlzdHAyNTYAAAAIbmlzdHAyNTYAAABBBJvlbFklNK/o+FAdDL2s8BeGoJ4pxgs1A3DdSSkc9NFnscNsU1CqeaafmiIKOGEWWjWk+5iwStWg9KOF5i/+cuA= root@ubuntu-xenial
ssh-ed25519 AAAAC3NzaC1lZDI1NTE5AAAAIHRe9KaBMWelera1sT2YV5d2pr6emqj1IORAZkLCzT3e root@ubuntu-xenial
ssh-rsa AAAAB3NzaC1yc2EAAAADAQABAAABAQCz8VnE2iglia8fN8nO74+8FAaSxxmqxxgjM46WcbXg0lM1q+hRs8MsWpJutxNZXLrmUo5lrG5AH825X7FZB0fkEs1TxUDsrA0EJqwnIajw9oaEGDdKCI77M20CPUQ6c4FYgUzYgqsndCScRZqEXKBMQLkgDkamCNkveNPVhwpsnA7t6pTY8RvHKFVJsZZBDFPLyX153xE/AeJKUZiN+Nn48IS5c0oVnTAiAQt5DjQp024fPYj5uXa0LDgwg+wTvcNmgmD0kHg2Dy+4WFLvQxG6DvwluB0RqxVSRQfJUFz0Xk2wfjDwbleRnVWc03/HmYAyJVPkv2NZxgKhtd7pLgw9 root@ubuntu-xenial
-----END SSH HOST KEY KEYS-----
[[0;32m  OK  [0m] Created slice User Slice of vagrant.
[   18.757369] cloud-init[1324]: Cloud-init v. 18.2 running 'modules:final' at Tue, 31 Jul 2018 09:28:25 +0000. Up 18.07 seconds.
         Starting User Manager for UID 1000...
[   18.782249] cloud-init[1324]: ci-info: no authorized ssh keys fingerprints found for user ubuntu.[[0;32m  OK  [0m] Started Session 1 of user vagrant.

[   18.802597] cloud-init[1324]: Cloud-init v. 18.2 finished at Tue, 31 Jul 2018 09:28:25 +0000. Datasource DataSourceNoCloud [seed=/dev/sdb][dsmode=net].  Up 18.74 seconds
[[0;32m  OK  [0m] Started User Manager for UID 1000.
[[0;32m  OK  [0m] Started Execute cloud user/final scripts.
[[0;32m  OK  [0m] Reached target Cloud-init target.

Ubuntu 16.04.4 LTS ubuntu-xenial ttyS0

ubuntu-xenial login: 